Archive member included because of file (symbol)

board/100ask24x0/lib100ask24x0.a(lowlevel_init.o)
                              cpu/arm920t/start.o (lowlevel_init)
cpu/arm920t/libarm920t.a(interrupts.o)
                              cpu/arm920t/start.o (do_irq)
cpu/arm920t/s3c24x0/libs3c24x0.a(interrupts.o)
                              cpu/arm920t/libarm920t.a(interrupts.o) (reset_cpu)
cpu/arm920t/s3c24x0/libs3c24x0.a(speed.o)
                              cpu/arm920t/s3c24x0/libs3c24x0.a(interrupts.o) (get_PCLK)
lib_arm/libarm.a(_udivsi3.o)  cpu/arm920t/s3c24x0/libs3c24x0.a(interrupts.o) (__udivsi3)
lib_arm/libarm.a(board.o)     cpu/arm920t/s3c24x0/libs3c24x0.a(speed.o) (hang)
lib_arm/libarm.a(div0.o)      lib_arm/libarm.a(_udivsi3.o) (__div0)
net/libnet.a(net.o)           lib_arm/libarm.a(board.o) (copy_filename)
net/libnet.a(tftp.o)          net/libnet.a(net.o) (TftpStart)
net/libnet.a(bootp.o)         net/libnet.a(net.o) (BootpRequest)
net/libnet.a(rarp.o)          net/libnet.a(net.o) (RarpRequest)
net/libnet.a(eth.o)           lib_arm/libarm.a(board.o) (eth_initialize)
net/libnet.a(nfs.o)           net/libnet.a(net.o) (NfsStart)
drivers/libdrivers.a(cs8900.o)
                              net/libnet.a(net.o) (eth_halt)
drivers/nand/libnand.a(nand.o)
                              lib_arm/libarm.a(board.o) (nand_init)
drivers/nand/libnand.a(nand_base.o)
                              drivers/nand/libnand.a(nand.o) (nand_scan)
drivers/nand/libnand.a(nand_ids.o)
                              drivers/nand/libnand.a(nand_base.o) (nand_flash_ids)
drivers/nand/libnand.a(nand_ecc.o)
                              drivers/nand/libnand.a(nand_base.o) (nand_calculate_ecc)
drivers/nand/libnand.a(nand_bbt.o)
                              drivers/nand/libnand.a(nand_base.o) (nand_isbad_bbt)
common/libcommon.a(main.o)    lib_arm/libarm.a(board.o) (main_loop)
common/libcommon.a(cmd_autoscript.o)
                              (__u_boot_cmd_autoscr)
common/libcommon.a(cmd_bdinfo.o)
                              (__u_boot_cmd_bdinfo)
common/libcommon.a(cmd_boot.o)
                              (__u_boot_cmd_go)
common/libcommon.a(cmd_bootm.o)
                              common/libcommon.a(main.o) (do_bootd)
common/libcommon.a(cmd_cache.o)
                              (__u_boot_cmd_icache)
common/libcommon.a(cmd_console.o)
                              (__u_boot_cmd_coninfo)
common/libcommon.a(cmd_date.o)
                              (__u_boot_cmd_date)
common/libcommon.a(cmd_elf.o)
                              common/libcommon.a(cmd_bootm.o) (do_bootvx)
common/libcommon.a(cmd_flash.o)
                              (__u_boot_cmd_flinfo)
common/libcommon.a(cmd_itest.o)
                              (__u_boot_cmd_itest)
common/libcommon.a(cmd_jffs2.o)
                              (__u_boot_cmd_fsload)
common/libcommon.a(cmd_load.o)
                              (__u_boot_cmd_loads)
common/libcommon.a(cmd_mem.o)
                              common/libcommon.a(cmd_itest.o) (cmd_get_data_size)
common/libcommon.a(cmd_misc.o)
                              (__u_boot_cmd_sleep)
common/libcommon.a(cmd_nand.o)
                              (__u_boot_cmd_nand)
common/libcommon.a(cmd_net.o)
                              (__u_boot_cmd_bootp)
common/libcommon.a(cmd_nvedit.o)
                              lib_arm/libarm.a(board.o) (getenv_r)
common/libcommon.a(command.o)
                              common/libcommon.a(main.o) (find_cmd)
common/libcommon.a(console.o)
                              cpu/arm920t/libarm920t.a(interrupts.o) (printf)
common/libcommon.a(devices.o)
                              lib_arm/libarm.a(board.o) (devices_init)
common/libcommon.a(dlmalloc.o)
                              drivers/nand/libnand.a(nand_base.o) (free)
common/libcommon.a(env_common.o)
                              common/libcommon.a(cmd_nvedit.o) (env_get_addr)
common/libcommon.a(env_flash.o)
                              common/libcommon.a(env_common.o) (env_get_char_spec)
common/libcommon.a(exports.o)
                              lib_arm/libarm.a(board.o) (jumptable_init)
common/libcommon.a(flash.o)   common/libcommon.a(cmd_load.o) (addr2info)
common/libcommon.a(lists.o)   common/libcommon.a(cmd_console.o) (ListGetPtrToItem)
common/libcommon.a(s_record.o)
                              common/libcommon.a(cmd_load.o) (srec_decode)
common/libcommon.a(xyzModem.o)
                              common/libcommon.a(cmd_load.o) (xyzModem_error)
common/libcommon.a(crc16.o)   common/libcommon.a(xyzModem.o) (cyg_crc16)
lib_generic/libgeneric.a(crc32.o)
                              common/libcommon.a(cmd_autoscript.o) (crc32)
lib_generic/libgeneric.a(ctype.o)
                              common/libcommon.a(cmd_jffs2.o) (_ctype)
lib_generic/libgeneric.a(display_options.o)
                              lib_arm/libarm.a(board.o) (print_size)
lib_generic/libgeneric.a(string.o)
                              net/libnet.a(net.o) (strcpy)
[...]
Memory Configuration

Name             Origin             Length             Attributes
*default*        0x00000000         0xffffffff

Linker script and memory map

                0x00000000                . = 0x0
                0x00000000                . = ALIGN (0x4)

.text           0x33f80000    0x1b408
 cpu/arm920t/start.o(.text)
 .text          0x33f80000      0x400 cpu/arm920t/start.o
                0x33f80048                _bss_start
                0x33f8004c                _bss_end
                0x33f80044                _armboot_start
                0x33f80000                _start
 *(.text)
 .text          0x33f80400       0x64 board/100ask24x0/lib100ask24x0.a(lowlevel_init.o)
                0x33f80404                lowlevel_init
 .text          0x33f80464      0x264 cpu/arm920t/libarm920t.a(interrupts.o)
                0x33f805f0                do_fiq
                0x33f806a4                do_undefined_instruction
                0x33f80470                show_regs
                0x33f805cc                do_irq
                0x33f805b0                bad_mode
                0x33f8065c                do_prefetch_abort
                0x33f80468                disable_interrupts
                0x33f80614                do_not_used
                0x33f80638                do_data_abort
                0x33f80680                do_software_interrupt
                0x33f80464                enable_interrupts
 .text          0x33f806c8      0x224 cpu/arm920t/s3c24x0/libs3c24x0.a(interrupts.o)
                0x33f806dc                set_timer
                0x33f8070c                reset_timer
                0x33f80878                interrupt_init
                0x33f8084c                get_tbclk
                0x33f80758                get_timer
                0x33f806ec                reset_timer_masked
                0x33f80710                get_timer_masked
                0x33f8076c                udelay
                0x33f807c4                udelay_masked
                0x33f80858                reset_cpu
                0x33f80838                get_ticks
 .text          0x33f808ec      0x1d0 cpu/arm920t/s3c24x0/libs3c24x0.a(speed.o)
                0x33f80980                get_HCLK
                0x33f80a14                get_PCLK
                0x33f80978                get_FCLK
                0x33f80970                get_UCLK
 .text          0x33f80abc       0x98 lib_arm/libarm.a(_udivsi3.o)
                0x33f80abc                __udivsi3
 .text          0x33f80b54      0x2e8 lib_arm/libarm.a(board.o)
                0x33f80b88                hang
                0x33f80c44                start_armboot
                0x33f80b54                sbrk
 .text          0x33f80e3c        0x4 lib_arm/libarm.a(div0.o)
                0x33f80e3c                __div0
 .text          0x33f80e40     0x1254 net/libnet.a(net.o)
                0x33f81024                getenv_IPaddr
                0x33f80ee8                NetCksumOk
                0x33f81a3c                NetSetTimeout
                0x33f80f0c                copy_filename
                0x33f81034                NetEthHdrSize
                0x33f810d8                ip_to_string
                0x33f81c20                ArpTimeoutCheck
                0x33f81438                NetReceive
                0x33f80fc0                string_to_ip
                0x33f81a6c                NetSendUDPPacket
                0x33f81118                print_IPaddr
                0x33f8123c                NetSetEther
                0x33f81cb0                NetLoop
                0x33f8134c                ArpRequest
                0x33f81078                VLAN_to_string
                0x33f80fb0                getenv_VLAN
                0x33f80ea0                NetCksum
                0x33f8113c                NetSetIP
                0x33f80f64                string_to_VLAN
                0x33f81ba4                NetStartAgain
                0x33f80e90                NetSetHandler
                0x33f81900                PingSend
                0x33f81348                NetSendPacket
 .text          0x33f82094      0x600 net/libnet.a(tftp.o)
                0x33f8220c                TftpStart
 .text          0x33f82694      0x620 net/libnet.a(bootp.o)
                0x33f82740                BootpRequest
 .text          0x33f82cb4      0x1ac net/libnet.a(rarp.o)
                0x33f82cb4                RarpRequest
 .text          0x33f82e60        0x8 net/libnet.a(eth.o)
                0x33f82e60                eth_initialize
 .text          0x33f82e68      0xe48 net/libnet.a(nfs.o)
                0x33f83670                NfsStart
 .text          0x33f83cb0      0x5cc drivers/libdrivers.a(cs8900.o)
                0x33f83da4                eth_halt
                0x33f840ac                cs8900_get_enetaddr
                0x33f83de0                cs8900_e2prom_read
                0x33f83e14                cs8900_e2prom_write
                0x33f83f98                eth_rx
                0x33f8402c                eth_init
                0x33f83ed0                eth_send
 .text          0x33f8427c       0x88 drivers/nand/libnand.a(nand.o)
                0x33f8427c                nand_init
 .text          0x33f84304     0x27c0 drivers/nand/libnand.a(nand_base.o)
                0x33f860c8                nand_read_raw
                0x33f8492c                nand_scan
                0x33f858e0                nand_erase_nand
                0x33f848f0                nand_release
 .text          0x33f86ac4        0x0 drivers/nand/libnand.a(nand_ids.o)
 .text          0x33f86ac4      0x2a0 drivers/nand/libnand.a(nand_ecc.o)
                0x33f86bd4                nand_correct_data
                0x33f86ac4                nand_calculate_ecc
 .text          0x33f86d64     0x15d8 drivers/nand/libnand.a(nand_bbt.o)
                0x33f86e1c                nand_isbad_bbt
                0x33f88278                nand_default_bbt
                0x33f877c8                nand_update_bbt
                0x33f87e38                nand_scan_bbt
 .text          0x33f8833c      0x908 common/libcommon.a(main.o)
                0x33f8833c                run_command
                0x33f887b4                do_run
                0x33f88910                readline
                0x33f88ae0                main_loop
 .text          0x33f88c44      0x210 common/libcommon.a(cmd_autoscript.o)
                0x33f88e14                do_autoscript
                0x33f88c64                autoscript
 .text          0x33f88e54       0xe8 common/libcommon.a(cmd_bdinfo.o)
                0x33f88e68                do_bdinfo
 .text          0x33f88f3c       0x84 common/libcommon.a(cmd_boot.o)
                0x33f88f3c                do_go
 .text          0x33f88fc0      0xde0 common/libcommon.a(cmd_bootm.o)
                0x33f89150                print_image_hdr
                0x33f897b8                do_bootd
                0x33f88fe0                gunzip
                0x33f897dc                do_bootm
                0x33f89758                do_iminfo
 .text          0x33f89da0      0x144 common/libcommon.a(cmd_cache.o)
                0x33f89ddc                do_dcache
                0x33f89e60                do_icache
 .text          0x33f89ee4       0xf4 common/libcommon.a(cmd_console.o)
                0x33f89ee4                do_coninfo
 .text          0x33f89fd8      0x320 common/libcommon.a(cmd_date.o)
                0x33f8a1e4                do_date
                0x33f8a01c                mk_date
 .text          0x33f8a2f8      0x3a4 common/libcommon.a(cmd_elf.o)
                0x33f8a5f8                do_bootelf
                0x33f8a474                do_bootvx
                0x33f8a2f8                valid_elf_image
                0x33f8a36c                load_elf_image
 .text          0x33f8a69c      0xac8 common/libcommon.a(cmd_flash.o)
                0x33f8b0e8                do_flinfo
                0x33f8ae88                flash_sect_erase
                0x33f8abec                do_protect
                0x33f8af64                do_flerase
                0x33f8a848                flash_sect_protect
 .text          0x33f8b164      0x2f0 common/libcommon.a(cmd_itest.o)
                0x33f8b1cc                binary_test
                0x33f8b3ac                do_itest
 .text          0x33f8b454      0x578 common/libcommon.a(cmd_jffs2.o)
                0x33f8b5c0                mtdparts_init
                0x33f8b4dc                id_parse
                0x33f8b74c                do_jffs2_fsinfo
                0x33f8b7d8                do_jffs2_ls
                0x33f8b850                do_jffs2_fsload
 .text          0x33f8b9cc      0xe74 common/libcommon.a(cmd_load.o)
                0x33f8ba74                k_data_init
                0x33f8bb68                s1_sendpacket
                0x33f8bb94                handle_send_packet
                0x33f8babc                k_data_restore
                0x33f8bd58                send_nack
                0x33f8c0a8                do_load_serial_bin
                0x33f8bae4                k_data_char
                0x33f8b9f4                chk1
                0x33f8ba94                k_data_save
                0x33f8b9cc                ktrans
                0x33f8bb38                send_pad
                0x33f8bdb8                send_ack
                0x33f8c764                do_load_serial
 .text          0x33f8c840      0xac0 common/libcommon.a(cmd_mem.o)
                0x33f8c840                do_mem_base
                0x33f8ceb4                do_mem_mw
                0x33f8c884                do_mem_crc
                0x33f8d0e4                do_mem_nm
                0x33f8d104                do_mem_mm
                0x33f8cbe0                do_mem_cp
                0x33f8c93c                do_mem_mtest
                0x33f8cd10                do_mem_cmp
                0x33f8ca64                cmd_get_data_size
                0x33f8cadc                do_mem_loop
                0x33f8d124                do_mem_md
 .text          0x33f8d300       0x90 common/libcommon.a(cmd_misc.o)
                0x33f8d300                do_sleep
 .text          0x33f8d390      0xf64 common/libcommon.a(cmd_nand.o)
                0x33f8d4e4                do_nandboot
                0x33f8d714                do_nand
 .text          0x33f8e2f4      0x368 common/libcommon.a(cmd_net.o)
                0x33f8e638                do_rarpb
                0x33f8e2f4                do_ping
                0x33f8e644                do_tftpb
                0x33f8e650                do_bootp
                0x33f8e62c                do_nfs
 .text          0x33f8e65c      0x870 common/libcommon.a(cmd_nvedit.o)
                0x33f8e7b8                getenv
                0x33f8e834                _do_setenv
                0x33f8e6cc                getenv_r
                0x33f8ed28                do_printenv
                0x33f8ecf8                setenv
                0x33f8e78c                do_saveenv
                0x33f8ecb8                do_setenv
 .text          0x33f8eecc      0x2d4 common/libcommon.a(command.o)
                0x33f8ef60                do_echo
                0x33f8eecc                find_cmd
                0x33f8efdc                do_help
                0x33f8f180                do_version
 .text          0x33f8f1a0      0x590 common/libcommon.a(console.o)
                0x33f8f4ac                console_init_r
                0x33f8f468                printf
                0x33f8f340                console_assign
                0x33f8f6c8                getc
                0x33f8f41c                puts
                0x33f8f324                dbg
                0x33f8f64c                serial_printf
                0x33f8f26c                ftstc
                0x33f8f3d0                fprintf
                0x33f8f6b0                tstc
                0x33f8f438                vprintf
                0x33f8f6e0                ctrlc
                0x33f8f690                putc
                0x33f8f2e8                disable_ctrlc
                0x33f8f244                fgetc
                0x33f8f300                had_ctrlc
                0x33f8f294                fputc
                0x33f8f330                console_init_f
                0x33f8f310                clear_ctrlc
                0x33f8f2c0                fputs
 .text          0x33f8f730       0xec common/libcommon.a(devices.o)
                0x33f8f74c                device_register
                0x33f8f730                devices_done
                0x33f8f770                devices_init
 .text          0x33f8f81c     0x1044 common/libcommon.a(dlmalloc.o)
                0x33f8fc04                malloc
                0x33f902ec                pvalloc
                0x33f90310                calloc
                0x33f8f854                malloc_usable_size
                0x33f903f0                realloc
                0x33f8f904                malloc_trim
                0x33f8f81c                malloc_bin_reloc
                0x33f8f898                mallopt
                0x33f901dc                memalign
                0x33f8fc00                cfree
                0x33f90304                valloc
                0x33f8f9d0                free
 .text          0x33f90860      0x11c common/libcommon.a(env_common.o)
                0x33f90880                env_get_addr
                0x33f908ec                env_relocate
                0x33f908c0                env_crc_update
                0x33f90860                env_get_char_memory
 .text          0x33f9097c      0x130 common/libcommon.a(env_flash.o)
                0x33f90988                env_relocate_spec
                0x33f909a0                saveenv
                0x33f9097c                env_get_char_spec
                0x33f90a48                env_init
 .text          0x33f90aac       0xc4 common/libcommon.a(exports.o)
                0x33f90ab8                jumptable_init
                0x33f90ab0                get_version
 .text          0x33f90b70      0x380 common/libcommon.a(flash.o)
                0x33f90d90                flash_write
                0x33f90b70                flash_protect
                0x33f90c68                addr2info
                0x33f90cb0                flash_perror
 .text          0x33f90ef0      0x3f8 common/libcommon.a(lists.o)
                0x33f91208                DisposeHandle
                0x33f91228                ListDispose
                0x33f91034                ListInsertItems
                0x33f90ef8                ListSetAllocationPolicy
                0x33f90f50                ListGetItemSize
                0x33f90f44                ListGetDataPtr
                0x33f9122c                NewHandle
                0x33f90fb8                SetHandleSize
                0x33f91200                ListInsertItem
                0x33f90ef0                GetHandleSize
                0x33f90f5c                ListNumItems
                0x33f90f0c                ListGetPtrToItem
                0x33f91288                ListCreate
                0x33f90f68                ListGetItems
 .text          0x33f912e8      0x2e0 common/libcommon.a(s_record.o)
                0x33f91358                srec_decode
 .text          0x33f915c8      0x9e4 common/libcommon.a(xyzModem.o)
                0x33f916f0                xyzModem_error
                0x33f9178c                xyzModem_stream_close
                0x33f917e4                CYGACC_COMM_IF_GETC_TIMEOUT
                0x33f915c8                parse_num
                0x33f91860                xyzModem_stream_terminate
                0x33f91e50                xyzModem_stream_open
                0x33f917d8                CYGACC_COMM_IF_PUTC
                0x33f91bc4                xyzModem_stream_read
 .text          0x33f91fac       0x48 common/libcommon.a(crc16.o)
                0x33f91fac                cyg_crc16
 .text          0x33f91ff4      0x220 lib_generic/libgeneric.a(crc32.o)
                0x33f91ff4                crc32
                0x33f92108                crc32_no_comp
 .text          0x33f92214        0x0 lib_generic/libgeneric.a(ctype.o)
 .text          0x33f92214       0xbc lib_generic/libgeneric.a(display_options.o)
                0x33f922b0                display_options
                0x33f92214                print_size
 .text          0x33f922d0      0x594 lib_generic/libgeneric.a(string.o)
                0x33f922d0                strcpy
                0x33f92770                memscan
                0x33f926d4                memmove
                0x33f926b0                memcpy
                0x33f92618                strswab
                0x33f924b8                strnlen
                0x33f92480                strrchr
                0x33f92314                strcat
                0x33f92804                memchr
                0x33f927a0                strstr
                0x33f923e4                strncmp
                0x33f922ec                strncpy
                0x33f92684                bcopy
                0x33f92564                strtok
                0x33f92730                memcmp
                0x33f92348                strncat
                0x33f92834                strdup
                0x33f92664                memset
                0x33f923ac                strcmp
                0x33f925e4                strsep
                0x33f924e0                strspn
                0x33f92460                strlen
                0x33f92434                strchr
                0x33f92524                strpbrk
 .text          0x33f92864      0x7ec lib_generic/libgeneric.a(vsprintf.o)
                0x33f92c38                vsprintf
                0x33f9291c                simple_strtol
                0x33f92be8                panic
                0x33f93028                sprintf
                0x33f92864                simple_strtoul
 .text          0x33f93050     0x2d40 lib_generic/libgeneric.a(zlib.o)
                0x33f9412c                inflate
                0x33f93bc0                inflateInit2
                0x33f93e84                inflateIncomp
                0x33f93d0c                adler32
                0x33f93a60                inflateReset
                0x33f93ac0                inflateSync
                0x33f93d04                inflateInit
                0x33f939c8                inflateEnd
 .text          0x33f95d90      0x1a4 board/100ask24x0/lib100ask24x0.a(100ask24x0.o)
                0x33f95d9c                dram_init
                0x33f95dbc                board_init
 .text          0x33f95f34      0x64c board/100ask24x0/lib100ask24x0.a(flash.o)
                0x33f962a8                flash_erase
                0x33f964a0                flash_init
                0x33f9619c                flash_print_info
                0x33f96028                write_buff
 .text          0x33f96580      0x11c cpu/arm920t/libarm920t.a(cpu.o)
                0x33f9665c                cleanup_before_linux
                0x33f96610                dcache_enable
                0x33f965bc                cpu_init
                0x33f965c4                icache_enable
                0x33f96684                do_reset
                0x33f965e0                icache_disable
                0x33f96648                dcache_status
                0x33f965fc                icache_status
                0x33f9662c                dcache_disable
 .text          0x33f9669c      0x104 cpu/arm920t/s3c24x0/libs3c24x0.a(serial.o)
                0x33f96740                serial_setbrg
                0x33f96700                serial_tstc
                0x33f966c8                serial_putc
                0x33f96790                serial_init
                0x33f96718                serial_puts
                0x33f966a8                serial_getc
 .text          0x33f967a0      0x1e8 cpu/arm920t/s3c24x0/libs3c24x0.a(nand_flash.o)
                0x33f96808                board_nand_init
 .text          0x33f96988       0x1c lib_arm/libarm.a(_ashldi3.o)
                0x33f96988                __ashldi3
 .text          0x33f969a4       0x1c lib_arm/libarm.a(_ashrdi3.o)
                0x33f969a4                __ashrdi3
 .text          0x33f969c0      0x140 lib_arm/libarm.a(_divsi3.o)
                0x33f969c0                __divsi3
 .text          0x33f96b00      0x100 lib_arm/libarm.a(_modsi3.o)
                0x33f96b00                __modsi3
 .text          0x33f96c00       0xb4 lib_arm/libarm.a(_umodsi3.o)
                0x33f96c00                __umodsi3
 .text          0x33f96cb4      0x378 lib_arm/libarm.a(armlinux.o)
                0x33f96cd4                do_bootm_linux
 .text          0x33f9702c        0x4 lib_arm/libarm.a(cache.o)
                0x33f9702c                flush_cache
 .text          0x33f97030      0x7bc fs/cramfs/libcramfs.a(cramfs.o)
                0x33f971c8                cramfs_info
                0x33f97030                cramfs_check
                0x33f97718                cramfs_load
                0x33f975b8                cramfs_ls
 .text          0x33f977ec       0xd8 fs/cramfs/libcramfs.a(uncompress.o)
                0x33f977ec                cramfs_uncompress_exit
                0x33f97878                cramfs_uncompress_block
                0x33f97804                cramfs_uncompress_init
 .text          0x33f978c4     0x172c fs/jffs2/libjffs2.a(jffs2_1pass.o)
                0x33f98cf4                jffs2_1pass_load
                0x33f98bbc                jffs2_1pass_info
                0x33f98f9c                jffs2_1pass_ls
                0x33f97a9c                jffs2_1pass_rescan_needed
                0x33f978f8                mkmodestr
                0x33f98730                jffs2_free_cache
 .text          0x33f98ff0       0xd8 fs/jffs2/libjffs2.a(compr_rtime.o)
                0x33f98ff0                rtime_decompress
 .text          0x33f990c8      0x134 fs/jffs2/libjffs2.a(compr_rubin.o)
                0x33f991bc                dynrubin_decompress
                0x33f990c8                rubin_do_decompress
 .text          0x33f991fc       0x18 fs/jffs2/libjffs2.a(compr_zlib.o)
                0x33f991fc                zlib_decompress
 .text          0x33f99214      0x924 fs/jffs2/libjffs2.a(mini_inflate.o)
                0x33f9959c                decompress_block
                0x33f99238                pull_bits
                0x33f99294                pull_bit
                0x33f99214                cramfs_memset
 .text          0x33f99b38      0x290 rtc/librtc.a(date.o)
                0x33f99b38                GregorianDay
                0x33f99d34                mktime
                0x33f99c2c                to_tm
 .text          0x33f99dc8      0x238 rtc/librtc.a(s3c24x0_rtc.o)
                0x33f99f44                rtc_set
                0x33f99fdc                rtc_reset
                0x33f99e44                rtc_get
 .text          0x33f9a000      0xdc8 drivers/nand/libnand.a(nand_util.o)
                0x33f9a008                nand_lock
                0x33f9a078                nand_unlock
                0x33f9a1a0                nand_get_lock_status
                0x33f9aa64                nand_erase_opts
                0x33f9a22c                nand_read_opts
                0x33f9a578                nand_write_opts
 .text          0x33f9adc8      0x518 /usr/local/arm/4.3.2/bin/../lib/gcc/arm-none-linux-gnueabi/4.3.2/armv4t/libgcc.a(_udivdi3.o)
                0x33f9adc8                __udivdi3
 .text          0x33f9b2e0      0x114 /usr/local/arm/4.3.2/bin/../lib/gcc/arm-none-linux-gnueabi/4.3.2/armv4t/libgcc.a(_udivsi3.o)
                0x33f9b2e0                __aeabi_uidiv
                0x33f9b3d4                __aeabi_uidivmod
 .text          0x33f9b3f4       0x14 /usr/local/arm/4.3.2/bin/../lib/gcc/arm-none-linux-gnueabi/4.3.2/armv4t/libgcc.a(_dvmd_lnx.o)
                0x33f9b3f4                __aeabi_ldiv0
                0x33f9b3f4                __aeabi_idiv0
 .text          0x33f9b408        0x0 /usr/local/arm/4.3.2/bin/../lib/gcc/arm-none-linux-gnueabi/4.3.2/armv4t/libgcc.a(_clz.o)

.glue_7         0x33f9b408        0x0
 .glue_7        0x33f9b408        0x0 cpu/arm920t/start.o
 .glue_7        0x33f9b408        0x0 board/100ask24x0/lib100ask24x0.a(lowlevel_init.o)
 .glue_7        0x33f9b408        0x0 cpu/arm920t/libarm920t.a(interrupts.o)
 .glue_7        0x33f9b408        0x0 cpu/arm920t/s3c24x0/libs3c24x0.a(interrupts.o)
 .glue_7        0x33f9b408        0x0 cpu/arm920t/s3c24x0/libs3c24x0.a(speed.o)
 .glue_7        0x33f9b408        0x0 lib_arm/libarm.a(_udivsi3.o)
 .glue_7        0x33f9b408        0x0 lib_arm/libarm.a(board.o)
 .glue_7        0x33f9b408        0x0 lib_arm/libarm.a(div0.o)
 .glue_7        0x33f9b408        0x0 net/libnet.a(net.o)
 .glue_7        0x33f9b408        0x0 net/libnet.a(tftp.o)
 .glue_7        0x33f9b408        0x0 net/libnet.a(bootp.o)
 .glue_7        0x33f9b408        0x0 net/libnet.a(rarp.o)
 .glue_7        0x33f9b408        0x0 net/libnet.a(eth.o)
 .glue_7        0x33f9b408        0x0 net/libnet.a(nfs.o)
 .glue_7        0x33f9b408        0x0 drivers/libdrivers.a(cs8900.o)
 .glue_7        0x33f9b408        0x0 drivers/nand/libnand.a(nand.o)
 .glue_7        0x33f9b408        0x0 drivers/nand/libnand.a(nand_base.o)
 .glue_7        0x33f9b408        0x0 drivers/nand/libnand.a(nand_ids.o)
 .glue_7        0x33f9b408        0x0 drivers/nand/libnand.a(nand_ecc.o)
 .glue_7        0x33f9b408        0x0 drivers/nand/libnand.a(nand_bbt.o)
 .glue_7        0x33f9b408        0x0 common/libcommon.a(main.o)
 .glue_7        0x33f9b408        0x0 common/libcommon.a(cmd_autoscript.o)
 .glue_7        0x33f9b408        0x0 common/libcommon.a(cmd_bdinfo.o)
 .glue_7        0x33f9b408        0x0 common/libcommon.a(cmd_boot.o)
 .glue_7        0x33f9b408        0x0 common/libcommon.a(cmd_bootm.o)
 .glue_7        0x33f9b408        0x0 common/libcommon.a(cmd_cache.o)
 .glue_7        0x33f9b408        0x0 common/libcommon.a(cmd_console.o)
 .glue_7        0x33f9b408        0x0 common/libcommon.a(cmd_date.o)
 .glue_7        0x33f9b408        0x0 common/libcommon.a(cmd_elf.o)
 .glue_7        0x33f9b408        0x0 common/libcommon.a(cmd_flash.o)
 .glue_7        0x33f9b408        0x0 common/libcommon.a(cmd_itest.o)
 .glue_7        0x33f9b408        0x0 common/libcommon.a(cmd_jffs2.o)
 .glue_7        0x33f9b408        0x0 common/libcommon.a(cmd_load.o)
 .glue_7        0x33f9b408        0x0 common/libcommon.a(cmd_mem.o)
 .glue_7        0x33f9b408        0x0 common/libcommon.a(cmd_misc.o)
 .glue_7        0x33f9b408        0x0 common/libcommon.a(cmd_nand.o)
 .glue_7        0x33f9b408        0x0 common/libcommon.a(cmd_net.o)
 .glue_7        0x33f9b408        0x0 common/libcommon.a(cmd_nvedit.o)
 .glue_7        0x33f9b408        0x0 common/libcommon.a(command.o)
 .glue_7        0x33f9b408        0x0 common/libcommon.a(console.o)
 .glue_7        0x33f9b408        0x0 common/libcommon.a(devices.o)
 .glue_7        0x33f9b408        0x0 common/libcommon.a(dlmalloc.o)
 .glue_7        0x33f9b408        0x0 common/libcommon.a(env_common.o)
 .glue_7        0x33f9b408        0x0 common/libcommon.a(env_flash.o)
 .glue_7        0x33f9b408        0x0 common/libcommon.a(exports.o)
 .glue_7        0x33f9b408        0x0 common/libcommon.a(flash.o)
 .glue_7        0x33f9b408        0x0 common/libcommon.a(lists.o)
 .glue_7        0x33f9b408        0x0 common/libcommon.a(s_record.o)
 .glue_7        0x33f9b408        0x0 common/libcommon.a(xyzModem.o)
 .glue_7        0x33f9b408        0x0 common/libcommon.a(crc16.o)
 .glue_7        0x33f9b408        0x0 lib_generic/libgeneric.a(crc32.o)
 .glue_7        0x33f9b408        0x0 lib_generic/libgeneric.a(ctype.o)
 .glue_7        0x33f9b408        0x0 lib_generic/libgeneric.a(display_options.o)
 .glue_7        0x33f9b408        0x0 lib_generic/libgeneric.a(string.o)
 .glue_7        0x33f9b408        0x0 lib_generic/libgeneric.a(vsprintf.o)
 .glue_7        0x33f9b408        0x0 lib_generic/libgeneric.a(zlib.o)
 .glue_7        0x33f9b408        0x0 board/100ask24x0/lib100ask24x0.a(100ask24x0.o)
 .glue_7        0x33f9b408        0x0 board/100ask24x0/lib100ask24x0.a(flash.o)
 .glue_7        0x33f9b408        0x0 cpu/arm920t/libarm920t.a(cpu.o)
 .glue_7        0x33f9b408        0x0 cpu/arm920t/s3c24x0/libs3c24x0.a(serial.o)
 .glue_7        0x33f9b408        0x0 cpu/arm920t/s3c24x0/libs3c24x0.a(nand_flash.o)
 .glue_7        0x33f9b408        0x0 lib_arm/libarm.a(_ashldi3.o)
 .glue_7        0x33f9b408        0x0 lib_arm/libarm.a(_ashrdi3.o)
 .glue_7        0x33f9b408        0x0 lib_arm/libarm.a(_divsi3.o)
 .glue_7        0x33f9b408        0x0 lib_arm/libarm.a(_modsi3.o)
 .glue_7        0x33f9b408        0x0 lib_arm/libarm.a(_umodsi3.o)
 .glue_7        0x33f9b408        0x0 lib_arm/libarm.a(armlinux.o)
 .glue_7        0x33f9b408        0x0 lib_arm/libarm.a(cache.o)
 .glue_7        0x33f9b408        0x0 fs/cramfs/libcramfs.a(cramfs.o)
 .glue_7        0x33f9b408        0x0 fs/cramfs/libcramfs.a(uncompress.o)
 .glue_7        0x33f9b408        0x0 fs/jffs2/libjffs2.a(jffs2_1pass.o)
 .glue_7        0x33f9b408        0x0 fs/jffs2/libjffs2.a(compr_rtime.o)
 .glue_7        0x33f9b408        0x0 fs/jffs2/libjffs2.a(compr_rubin.o)
 .glue_7        0x33f9b408        0x0 fs/jffs2/libjffs2.a(compr_zlib.o)
 .glue_7        0x33f9b408        0x0 fs/jffs2/libjffs2.a(mini_inflate.o)
 .glue_7        0x33f9b408        0x0 rtc/librtc.a(date.o)
 .glue_7        0x33f9b408        0x0 rtc/librtc.a(s3c24x0_rtc.o)
 .glue_7        0x33f9b408        0x0 drivers/nand/libnand.a(nand_util.o)
 .glue_7        0x33f9b408        0x0 /usr/local/arm/4.3.2/bin/../lib/gcc/arm-none-linux-gnueabi/4.3.2/armv4t/libgcc.a(_udivdi3.o)
 .glue_7        0x33f9b408        0x0 /usr/local/arm/4.3.2/bin/../lib/gcc/arm-none-linux-gnueabi/4.3.2/armv4t/libgcc.a(_udivsi3.o)
 .glue_7        0x33f9b408        0x0 /usr/local/arm/4.3.2/bin/../lib/gcc/arm-none-linux-gnueabi/4.3.2/armv4t/libgcc.a(_dvmd_lnx.o)
 .glue_7        0x33f9b408        0x0 /usr/local/arm/4.3.2/bin/../lib/gcc/arm-none-linux-gnueabi/4.3.2/armv4t/libgcc.a(_clz.o)

.glue_7t        0x33f9b408        0x0
 .glue_7t       0x33f9b408        0x0 cpu/arm920t/start.o
 .glue_7t       0x33f9b408        0x0 board/100ask24x0/lib100ask24x0.a(lowlevel_init.o)
 .glue_7t       0x33f9b408        0x0 cpu/arm920t/libarm920t.a(interrupts.o)
 .glue_7t       0x33f9b408        0x0 cpu/arm920t/s3c24x0/libs3c24x0.a(interrupts.o)
 .glue_7t       0x33f9b408        0x0 cpu/arm920t/s3c24x0/libs3c24x0.a(speed.o)
 .glue_7t       0x33f9b408        0x0 lib_arm/libarm.a(_udivsi3.o)
 .glue_7t       0x33f9b408        0x0 lib_arm/libarm.a(board.o)
 .glue_7t       0x33f9b408        0x0 lib_arm/libarm.a(div0.o)
 .glue_7t       0x33f9b408        0x0 net/libnet.a(net.o)
 .glue_7t       0x33f9b408        0x0 net/libnet.a(tftp.o)
 .glue_7t       0x33f9b408        0x0 net/libnet.a(bootp.o)
 .glue_7t       0x33f9b408        0x0 net/libnet.a(rarp.o)
 .glue_7t       0x33f9b408        0x0 net/libnet.a(eth.o)
 .glue_7t       0x33f9b408        0x0 net/libnet.a(nfs.o)
 .glue_7t       0x33f9b408        0x0 drivers/libdrivers.a(cs8900.o)
 .glue_7t       0x33f9b408        0x0 drivers/nand/libnand.a(nand.o)
 .glue_7t       0x33f9b408        0x0 drivers/nand/libnand.a(nand_base.o)
 .glue_7t       0x33f9b408        0x0 drivers/nand/libnand.a(nand_ids.o)
 .glue_7t       0x33f9b408        0x0 drivers/nand/libnand.a(nand_ecc.o)
 .glue_7t       0x33f9b408        0x0 drivers/nand/libnand.a(nand_bbt.o)
 .glue_7t       0x33f9b408        0x0 common/libcommon.a(main.o)
 .glue_7t       0x33f9b408        0x0 common/libcommon.a(cmd_autoscript.o)
 .glue_7t       0x33f9b408        0x0 common/libcommon.a(cmd_bdinfo.o)
 .glue_7t       0x33f9b408        0x0 common/libcommon.a(cmd_boot.o)
 .glue_7t       0x33f9b408        0x0 common/libcommon.a(cmd_bootm.o)
 .glue_7t       0x33f9b408        0x0 common/libcommon.a(cmd_cache.o)
 .glue_7t       0x33f9b408        0x0 common/libcommon.a(cmd_console.o)
 .glue_7t       0x33f9b408        0x0 common/libcommon.a(cmd_date.o)
 .glue_7t       0x33f9b408        0x0 common/libcommon.a(cmd_elf.o)
 .glue_7t       0x33f9b408        0x0 common/libcommon.a(cmd_flash.o)
 .glue_7t       0x33f9b408        0x0 common/libcommon.a(cmd_itest.o)
 .glue_7t       0x33f9b408        0x0 common/libcommon.a(cmd_jffs2.o)
 .glue_7t       0x33f9b408        0x0 common/libcommon.a(cmd_load.o)
 .glue_7t       0x33f9b408        0x0 common/libcommon.a(cmd_mem.o)
 .glue_7t       0x33f9b408        0x0 common/libcommon.a(cmd_misc.o)
 .glue_7t       0x33f9b408        0x0 common/libcommon.a(cmd_nand.o)
 .glue_7t       0x33f9b408        0x0 common/libcommon.a(cmd_net.o)
 .glue_7t       0x33f9b408        0x0 common/libcommon.a(cmd_nvedit.o)
 .glue_7t       0x33f9b408        0x0 common/libcommon.a(command.o)
 .glue_7t       0x33f9b408        0x0 common/libcommon.a(console.o)
 .glue_7t       0x33f9b408        0x0 common/libcommon.a(devices.o)
 .glue_7t       0x33f9b408        0x0 common/libcommon.a(dlmalloc.o)
 .glue_7t       0x33f9b408        0x0 common/libcommon.a(env_common.o)
 .glue_7t       0x33f9b408        0x0 common/libcommon.a(env_flash.o)
 .glue_7t       0x33f9b408        0x0 common/libcommon.a(exports.o)
 .glue_7t       0x33f9b408        0x0 common/libcommon.a(flash.o)
 .glue_7t       0x33f9b408        0x0 common/libcommon.a(lists.o)
 .glue_7t       0x33f9b408        0x0 common/libcommon.a(s_record.o)
 .glue_7t       0x33f9b408        0x0 common/libcommon.a(xyzModem.o)
 .glue_7t       0x33f9b408        0x0 common/libcommon.a(crc16.o)
 .glue_7t       0x33f9b408        0x0 lib_generic/libgeneric.a(crc32.o)
 .glue_7t       0x33f9b408        0x0 lib_generic/libgeneric.a(ctype.o)
 .glue_7t       0x33f9b408        0x0 lib_generic/libgeneric.a(display_options.o)
 .glue_7t       0x33f9b408        0x0 lib_generic/libgeneric.a(string.o)
 .glue_7t       0x33f9b408        0x0 lib_generic/libgeneric.a(vsprintf.o)
 .glue_7t       0x33f9b408        0x0 lib_generic/libgeneric.a(zlib.o)
 .glue_7t       0x33f9b408        0x0 board/100ask24x0/lib100ask24x0.a(100ask24x0.o)
 .glue_7t       0x33f9b408        0x0 board/100ask24x0/lib100ask24x0.a(flash.o)
 .glue_7t       0x33f9b408        0x0 cpu/arm920t/libarm920t.a(cpu.o)
 .glue_7t       0x33f9b408        0x0 cpu/arm920t/s3c24x0/libs3c24x0.a(serial.o)
 .glue_7t       0x33f9b408        0x0 cpu/arm920t/s3c24x0/libs3c24x0.a(nand_flash.o)
 .glue_7t       0x33f9b408        0x0 lib_arm/libarm.a(_ashldi3.o)
 .glue_7t       0x33f9b408        0x0 lib_arm/libarm.a(_ashrdi3.o)
 .glue_7t       0x33f9b408        0x0 lib_arm/libarm.a(_divsi3.o)
 .glue_7t       0x33f9b408        0x0 lib_arm/libarm.a(_modsi3.o)
 .glue_7t       0x33f9b408        0x0 lib_arm/libarm.a(_umodsi3.o)
 .glue_7t       0x33f9b408        0x0 lib_arm/libarm.a(armlinux.o)
 .glue_7t       0x33f9b408        0x0 lib_arm/libarm.a(cache.o)
 .glue_7t       0x33f9b408        0x0 fs/cramfs/libcramfs.a(cramfs.o)
 .glue_7t       0x33f9b408        0x0 fs/cramfs/libcramfs.a(uncompress.o)
 .glue_7t       0x33f9b408        0x0 fs/jffs2/libjffs2.a(jffs2_1pass.o)
 .glue_7t       0x33f9b408        0x0 fs/jffs2/libjffs2.a(compr_rtime.o)
 .glue_7t       0x33f9b408        0x0 fs/jffs2/libjffs2.a(compr_rubin.o)
 .glue_7t       0x33f9b408        0x0 fs/jffs2/libjffs2.a(compr_zlib.o)
 .glue_7t       0x33f9b408        0x0 fs/jffs2/libjffs2.a(mini_inflate.o)
 .glue_7t       0x33f9b408        0x0 rtc/librtc.a(date.o)
 .glue_7t       0x33f9b408        0x0 rtc/librtc.a(s3c24x0_rtc.o)
 .glue_7t       0x33f9b408        0x0 drivers/nand/libnand.a(nand_util.o)
 .glue_7t       0x33f9b408        0x0 /usr/local/arm/4.3.2/bin/../lib/gcc/arm-none-linux-gnueabi/4.3.2/armv4t/libgcc.a(_udivdi3.o)
 .glue_7t       0x33f9b408        0x0 /usr/local/arm/4.3.2/bin/../lib/gcc/arm-none-linux-gnueabi/4.3.2/armv4t/libgcc.a(_udivsi3.o)
 .glue_7t       0x33f9b408        0x0 /usr/local/arm/4.3.2/bin/../lib/gcc/arm-none-linux-gnueabi/4.3.2/armv4t/libgcc.a(_dvmd_lnx.o)
 .glue_7t       0x33f9b408        0x0 /usr/local/arm/4.3.2/bin/../lib/gcc/arm-none-linux-gnueabi/4.3.2/armv4t/libgcc.a(_clz.o)

.vfp11_veneer   0x33f9b408        0x0
 .vfp11_veneer  0x33f9b408        0x0 cpu/arm920t/start.o
 .vfp11_veneer  0x33f9b408        0x0 board/100ask24x0/lib100ask24x0.a(lowlevel_init.o)
 .vfp11_veneer  0x33f9b408        0x0 cpu/arm920t/libarm920t.a(interrupts.o)
 .vfp11_veneer  0x33f9b408        0x0 cpu/arm920t/s3c24x0/libs3c24x0.a(interrupts.o)
 .vfp11_veneer  0x33f9b408        0x0 cpu/arm920t/s3c24x0/libs3c24x0.a(speed.o)
 .vfp11_veneer  0x33f9b408        0x0 lib_arm/libarm.a(_udivsi3.o)
 .vfp11_veneer  0x33f9b408        0x0 lib_arm/libarm.a(board.o)
 .vfp11_veneer  0x33f9b408        0x0 lib_arm/libarm.a(div0.o)
 .vfp11_veneer  0x33f9b408        0x0 net/libnet.a(net.o)
 .vfp11_veneer  0x33f9b408        0x0 net/libnet.a(tftp.o)
 .vfp11_veneer  0x33f9b408        0x0 net/libnet.a(bootp.o)
 .vfp11_veneer  0x33f9b408        0x0 net/libnet.a(rarp.o)
 .vfp11_veneer  0x33f9b408        0x0 net/libnet.a(eth.o)
 .vfp11_veneer  0x33f9b408        0x0 net/libnet.a(nfs.o)
 .vfp11_veneer  0x33f9b408        0x0 drivers/libdrivers.a(cs8900.o)
 .vfp11_veneer  0x33f9b408        0x0 drivers/nand/libnand.a(nand.o)
 .vfp11_veneer  0x33f9b408        0x0 drivers/nand/libnand.a(nand_base.o)
 .vfp11_veneer  0x33f9b408        0x0 drivers/nand/libnand.a(nand_ids.o)
 .vfp11_veneer  0x33f9b408        0x0 drivers/nand/libnand.a(nand_ecc.o)
 .vfp11_veneer  0x33f9b408        0x0 drivers/nand/libnand.a(nand_bbt.o)
 .vfp11_veneer  0x33f9b408        0x0 common/libcommon.a(main.o)
 .vfp11_veneer  0x33f9b408        0x0 common/libcommon.a(cmd_autoscript.o)
 .vfp11_veneer  0x33f9b408        0x0 common/libcommon.a(cmd_bdinfo.o)
 .vfp11_veneer  0x33f9b408        0x0 common/libcommon.a(cmd_boot.o)
 .vfp11_veneer  0x33f9b408        0x0 common/libcommon.a(cmd_bootm.o)
 .vfp11_veneer  0x33f9b408        0x0 common/libcommon.a(cmd_cache.o)
 .vfp11_veneer  0x33f9b408        0x0 common/libcommon.a(cmd_console.o)
 .vfp11_veneer  0x33f9b408        0x0 common/libcommon.a(cmd_date.o)
 .vfp11_veneer  0x33f9b408        0x0 common/libcommon.a(cmd_elf.o)
 .vfp11_veneer  0x33f9b408        0x0 common/libcommon.a(cmd_flash.o)
 .vfp11_veneer  0x33f9b408        0x0 common/libcommon.a(cmd_itest.o)
 .vfp11_veneer  0x33f9b408        0x0 common/libcommon.a(cmd_jffs2.o)
 .vfp11_veneer  0x33f9b408        0x0 common/libcommon.a(cmd_load.o)
 .vfp11_veneer  0x33f9b408        0x0 common/libcommon.a(cmd_mem.o)
 .vfp11_veneer  0x33f9b408        0x0 common/libcommon.a(cmd_misc.o)
 .vfp11_veneer  0x33f9b408        0x0 common/libcommon.a(cmd_nand.o)
 .vfp11_veneer  0x33f9b408        0x0 common/libcommon.a(cmd_net.o)
 .vfp11_veneer  0x33f9b408        0x0 common/libcommon.a(cmd_nvedit.o)
 .vfp11_veneer  0x33f9b408        0x0 common/libcommon.a(command.o)
 .vfp11_veneer  0x33f9b408        0x0 common/libcommon.a(console.o)
 .vfp11_veneer  0x33f9b408        0x0 common/libcommon.a(devices.o)
 .vfp11_veneer  0x33f9b408        0x0 common/libcommon.a(dlmalloc.o)
 .vfp11_veneer  0x33f9b408        0x0 common/libcommon.a(env_common.o)
 .vfp11_veneer  0x33f9b408        0x0 common/libcommon.a(env_flash.o)
 .vfp11_veneer  0x33f9b408        0x0 common/libcommon.a(exports.o)
 .vfp11_veneer  0x33f9b408        0x0 common/libcommon.a(flash.o)
 .vfp11_veneer  0x33f9b408        0x0 common/libcommon.a(lists.o)
 .vfp11_veneer  0x33f9b408        0x0 common/libcommon.a(s_record.o)
 .vfp11_veneer  0x33f9b408        0x0 common/libcommon.a(xyzModem.o)
 .vfp11_veneer  0x33f9b408        0x0 common/libcommon.a(crc16.o)
 .vfp11_veneer  0x33f9b408        0x0 lib_generic/libgeneric.a(crc32.o)
 .vfp11_veneer  0x33f9b408        0x0 lib_generic/libgeneric.a(ctype.o)
 .vfp11_veneer  0x33f9b408        0x0 lib_generic/libgeneric.a(display_options.o)
 .vfp11_veneer  0x33f9b408        0x0 lib_generic/libgeneric.a(string.o)
 .vfp11_veneer  0x33f9b408        0x0 lib_generic/libgeneric.a(vsprintf.o)
 .vfp11_veneer  0x33f9b408        0x0 lib_generic/libgeneric.a(zlib.o)
 .vfp11_veneer  0x33f9b408        0x0 board/100ask24x0/lib100ask24x0.a(100ask24x0.o)
 .vfp11_veneer  0x33f9b408        0x0 board/100ask24x0/lib100ask24x0.a(flash.o)
 .vfp11_veneer  0x33f9b408        0x0 cpu/arm920t/libarm920t.a(cpu.o)
 .vfp11_veneer  0x33f9b408        0x0 cpu/arm920t/s3c24x0/libs3c24x0.a(serial.o)
 .vfp11_veneer  0x33f9b408        0x0 cpu/arm920t/s3c24x0/libs3c24x0.a(nand_flash.o)
 .vfp11_veneer  0x33f9b408        0x0 lib_arm/libarm.a(_ashldi3.o)
 .vfp11_veneer  0x33f9b408        0x0 lib_arm/libarm.a(_ashrdi3.o)
 .vfp11_veneer  0x33f9b408        0x0 lib_arm/libarm.a(_divsi3.o)
 .vfp11_veneer  0x33f9b408        0x0 lib_arm/libarm.a(_modsi3.o)
 .vfp11_veneer  0x33f9b408        0x0 lib_arm/libarm.a(_umodsi3.o)
 .vfp11_veneer  0x33f9b408        0x0 lib_arm/libarm.a(armlinux.o)
 .vfp11_veneer  0x33f9b408        0x0 lib_arm/libarm.a(cache.o)
 .vfp11_veneer  0x33f9b408        0x0 fs/cramfs/libcramfs.a(cramfs.o)
 .vfp11_veneer  0x33f9b408        0x0 fs/cramfs/libcramfs.a(uncompress.o)
 .vfp11_veneer  0x33f9b408        0x0 fs/jffs2/libjffs2.a(jffs2_1pass.o)
 .vfp11_veneer  0x33f9b408        0x0 fs/jffs2/libjffs2.a(compr_rtime.o)
 .vfp11_veneer  0x33f9b408        0x0 fs/jffs2/libjffs2.a(compr_rubin.o)
 .vfp11_veneer  0x33f9b408        0x0 fs/jffs2/libjffs2.a(compr_zlib.o)
 .vfp11_veneer  0x33f9b408        0x0 fs/jffs2/libjffs2.a(mini_inflate.o)
 .vfp11_veneer  0x33f9b408        0x0 rtc/librtc.a(date.o)
 .vfp11_veneer  0x33f9b408        0x0 rtc/librtc.a(s3c24x0_rtc.o)
 .vfp11_veneer  0x33f9b408        0x0 drivers/nand/libnand.a(nand_util.o)
 .vfp11_veneer  0x33f9b408        0x0 /usr/local/arm/4.3.2/bin/../lib/gcc/arm-none-linux-gnueabi/4.3.2/armv4t/libgcc.a(_udivdi3.o)
 .vfp11_veneer  0x33f9b408        0x0 /usr/local/arm/4.3.2/bin/../lib/gcc/arm-none-linux-gnueabi/4.3.2/armv4t/libgcc.a(_udivsi3.o)
 .vfp11_veneer  0x33f9b408        0x0 /usr/local/arm/4.3.2/bin/../lib/gcc/arm-none-linux-gnueabi/4.3.2/armv4t/libgcc.a(_dvmd_lnx.o)
 .vfp11_veneer  0x33f9b408        0x0 /usr/local/arm/4.3.2/bin/../lib/gcc/arm-none-linux-gnueabi/4.3.2/armv4t/libgcc.a(_clz.o)

.janus_2cc_veneer
                0x33f9b408        0x0
 .janus_2cc_veneer
                0x33f9b408        0x0 cpu/arm920t/start.o
 .janus_2cc_veneer
                0x33f9b408        0x0 board/100ask24x0/lib100ask24x0.a(lowlevel_init.o)
 .janus_2cc_veneer
                0x33f9b408        0x0 cpu/arm920t/libarm920t.a(interrupts.o)
 .janus_2cc_veneer
                0x33f9b408        0x0 cpu/arm920t/s3c24x0/libs3c24x0.a(interrupts.o)
 .janus_2cc_veneer
                0x33f9b408        0x0 cpu/arm920t/s3c24x0/libs3c24x0.a(speed.o)
 .janus_2cc_veneer
                0x33f9b408        0x0 lib_arm/libarm.a(_udivsi3.o)
 .janus_2cc_veneer
                0x33f9b408        0x0 lib_arm/libarm.a(board.o)
 .janus_2cc_veneer
                0x33f9b408        0x0 lib_arm/libarm.a(div0.o)
 .janus_2cc_veneer
                0x33f9b408        0x0 net/libnet.a(net.o)
 .janus_2cc_veneer
                0x33f9b408        0x0 net/libnet.a(tftp.o)
 .janus_2cc_veneer
                0x33f9b408        0x0 net/libnet.a(bootp.o)
 .janus_2cc_veneer
                0x33f9b408        0x0 net/libnet.a(rarp.o)
 .janus_2cc_veneer
                0x33f9b408        0x0 net/libnet.a(eth.o)
 .janus_2cc_veneer
                0x33f9b408        0x0 net/libnet.a(nfs.o)
 .janus_2cc_veneer
                0x33f9b408        0x0 drivers/libdrivers.a(cs8900.o)
 .janus_2cc_veneer
                0x33f9b408        0x0 drivers/nand/libnand.a(nand.o)
 .janus_2cc_veneer
                0x33f9b408        0x0 drivers/nand/libnand.a(nand_base.o)
 .janus_2cc_veneer
                0x33f9b408        0x0 drivers/nand/libnand.a(nand_ids.o)
 .janus_2cc_veneer
                0x33f9b408        0x0 drivers/nand/libnand.a(nand_ecc.o)
 .janus_2cc_veneer
                0x33f9b408        0x0 drivers/nand/libnand.a(nand_bbt.o)
 .janus_2cc_veneer
                0x33f9b408        0x0 common/libcommon.a(main.o)
 .janus_2cc_veneer
                0x33f9b408        0x0 common/libcommon.a(cmd_autoscript.o)
 .janus_2cc_veneer
                0x33f9b408        0x0 common/libcommon.a(cmd_bdinfo.o)
 .janus_2cc_veneer
                0x33f9b408        0x0 common/libcommon.a(cmd_boot.o)
 .janus_2cc_veneer
                0x33f9b408        0x0 common/libcommon.a(cmd_bootm.o)
 .janus_2cc_veneer
                0x33f9b408        0x0 common/libcommon.a(cmd_cache.o)
 .janus_2cc_veneer
                0x33f9b408        0x0 common/libcommon.a(cmd_console.o)
 .janus_2cc_veneer
                0x33f9b408        0x0 common/libcommon.a(cmd_date.o)
 .janus_2cc_veneer
                0x33f9b408        0x0 common/libcommon.a(cmd_elf.o)
 .janus_2cc_veneer
                0x33f9b408        0x0 common/libcommon.a(cmd_flash.o)
 .janus_2cc_veneer
                0x33f9b408        0x0 common/libcommon.a(cmd_itest.o)
 .janus_2cc_veneer
                0x33f9b408        0x0 common/libcommon.a(cmd_jffs2.o)
 .janus_2cc_veneer
                0x33f9b408        0x0 common/libcommon.a(cmd_load.o)
 .janus_2cc_veneer
                0x33f9b408        0x0 common/libcommon.a(cmd_mem.o)
 .janus_2cc_veneer
                0x33f9b408        0x0 common/libcommon.a(cmd_misc.o)
 .janus_2cc_veneer
                0x33f9b408        0x0 common/libcommon.a(cmd_nand.o)
 .janus_2cc_veneer
                0x33f9b408        0x0 common/libcommon.a(cmd_net.o)
 .janus_2cc_veneer
                0x33f9b408        0x0 common/libcommon.a(cmd_nvedit.o)
 .janus_2cc_veneer
                0x33f9b408        0x0 common/libcommon.a(command.o)
 .janus_2cc_veneer
                0x33f9b408        0x0 common/libcommon.a(console.o)
 .janus_2cc_veneer
                0x33f9b408        0x0 common/libcommon.a(devices.o)
 .janus_2cc_veneer
                0x33f9b408        0x0 common/libcommon.a(dlmalloc.o)
 .janus_2cc_veneer
                0x33f9b408        0x0 common/libcommon.a(env_common.o)
 .janus_2cc_veneer
                0x33f9b408        0x0 common/libcommon.a(env_flash.o)
 .janus_2cc_veneer
                0x33f9b408        0x0 common/libcommon.a(exports.o)
 .janus_2cc_veneer
                0x33f9b408        0x0 common/libcommon.a(flash.o)
 .janus_2cc_veneer
                0x33f9b408        0x0 common/libcommon.a(lists.o)
 .janus_2cc_veneer
                0x33f9b408        0x0 common/libcommon.a(s_record.o)
 .janus_2cc_veneer
                0x33f9b408        0x0 common/libcommon.a(xyzModem.o)
 .janus_2cc_veneer
                0x33f9b408        0x0 common/libcommon.a(crc16.o)
 .janus_2cc_veneer
                0x33f9b408        0x0 lib_generic/libgeneric.a(crc32.o)
 .janus_2cc_veneer
                0x33f9b408        0x0 lib_generic/libgeneric.a(ctype.o)
 .janus_2cc_veneer
                0x33f9b408        0x0 lib_generic/libgeneric.a(display_options.o)
 .janus_2cc_veneer
                0x33f9b408        0x0 lib_generic/libgeneric.a(string.o)
 .janus_2cc_veneer
                0x33f9b408        0x0 lib_generic/libgeneric.a(vsprintf.o)
 .janus_2cc_veneer
                0x33f9b408        0x0 lib_generic/libgeneric.a(zlib.o)
 .janus_2cc_veneer
                0x33f9b408        0x0 board/100ask24x0/lib100ask24x0.a(100ask24x0.o)
 .janus_2cc_veneer
                0x33f9b408        0x0 board/100ask24x0/lib100ask24x0.a(flash.o)
 .janus_2cc_veneer
                0x33f9b408        0x0 cpu/arm920t/libarm920t.a(cpu.o)
 .janus_2cc_veneer
                0x33f9b408        0x0 cpu/arm920t/s3c24x0/libs3c24x0.a(serial.o)
 .janus_2cc_veneer
                0x33f9b408        0x0 cpu/arm920t/s3c24x0/libs3c24x0.a(nand_flash.o)
 .janus_2cc_veneer
                0x33f9b408        0x0 lib_arm/libarm.a(_ashldi3.o)
 .janus_2cc_veneer
                0x33f9b408        0x0 lib_arm/libarm.a(_ashrdi3.o)
 .janus_2cc_veneer
                0x33f9b408        0x0 lib_arm/libarm.a(_divsi3.o)
 .janus_2cc_veneer
                0x33f9b408        0x0 lib_arm/libarm.a(_modsi3.o)
 .janus_2cc_veneer
                0x33f9b408        0x0 lib_arm/libarm.a(_umodsi3.o)
 .janus_2cc_veneer
                0x33f9b408        0x0 lib_arm/libarm.a(armlinux.o)
 .janus_2cc_veneer
                0x33f9b408        0x0 lib_arm/libarm.a(cache.o)
 .janus_2cc_veneer
                0x33f9b408        0x0 fs/cramfs/libcramfs.a(cramfs.o)
 .janus_2cc_veneer
                0x33f9b408        0x0 fs/cramfs/libcramfs.a(uncompress.o)
 .janus_2cc_veneer
                0x33f9b408        0x0 fs/jffs2/libjffs2.a(jffs2_1pass.o)
 .janus_2cc_veneer
                0x33f9b408        0x0 fs/jffs2/libjffs2.a(compr_rtime.o)
 .janus_2cc_veneer
                0x33f9b408        0x0 fs/jffs2/libjffs2.a(compr_rubin.o)
 .janus_2cc_veneer
                0x33f9b408        0x0 fs/jffs2/libjffs2.a(compr_zlib.o)
 .janus_2cc_veneer
                0x33f9b408        0x0 fs/jffs2/libjffs2.a(mini_inflate.o)
 .janus_2cc_veneer
                0x33f9b408        0x0 rtc/librtc.a(date.o)
 .janus_2cc_veneer
                0x33f9b408        0x0 rtc/librtc.a(s3c24x0_rtc.o)
 .janus_2cc_veneer
                0x33f9b408        0x0 drivers/nand/libnand.a(nand_util.o)
 .janus_2cc_veneer
                0x33f9b408        0x0 /usr/local/arm/4.3.2/bin/../lib/gcc/arm-none-linux-gnueabi/4.3.2/armv4t/libgcc.a(_udivdi3.o)
 .janus_2cc_veneer
                0x33f9b408        0x0 /usr/local/arm/4.3.2/bin/../lib/gcc/arm-none-linux-gnueabi/4.3.2/armv4t/libgcc.a(_udivsi3.o)
 .janus_2cc_veneer
                0x33f9b408        0x0 /usr/local/arm/4.3.2/bin/../lib/gcc/arm-none-linux-gnueabi/4.3.2/armv4t/libgcc.a(_dvmd_lnx.o)
 .janus_2cc_veneer
                0x33f9b408        0x0 /usr/local/arm/4.3.2/bin/../lib/gcc/arm-none-linux-gnueabi/4.3.2/armv4t/libgcc.a(_clz.o)

.v4_bx          0x33f9b408        0x0
 .v4_bx         0x33f9b408        0x0 cpu/arm920t/start.o
 .v4_bx         0x33f9b408        0x0 board/100ask24x0/lib100ask24x0.a(lowlevel_init.o)
 .v4_bx         0x33f9b408        0x0 cpu/arm920t/libarm920t.a(interrupts.o)
 .v4_bx         0x33f9b408        0x0 cpu/arm920t/s3c24x0/libs3c24x0.a(interrupts.o)
 .v4_bx         0x33f9b408        0x0 cpu/arm920t/s3c24x0/libs3c24x0.a(speed.o)
 .v4_bx         0x33f9b408        0x0 lib_arm/libarm.a(_udivsi3.o)
 .v4_bx         0x33f9b408        0x0 lib_arm/libarm.a(board.o)
 .v4_bx         0x33f9b408        0x0 lib_arm/libarm.a(div0.o)
 .v4_bx         0x33f9b408        0x0 net/libnet.a(net.o)
 .v4_bx         0x33f9b408        0x0 net/libnet.a(tftp.o)
 .v4_bx         0x33f9b408        0x0 net/libnet.a(bootp.o)
 .v4_bx         0x33f9b408        0x0 net/libnet.a(rarp.o)
 .v4_bx         0x33f9b408        0x0 net/libnet.a(eth.o)
 .v4_bx         0x33f9b408        0x0 net/libnet.a(nfs.o)
 .v4_bx         0x33f9b408        0x0 drivers/libdrivers.a(cs8900.o)
 .v4_bx         0x33f9b408        0x0 drivers/nand/libnand.a(nand.o)
 .v4_bx         0x33f9b408        0x0 drivers/nand/libnand.a(nand_base.o)
 .v4_bx         0x33f9b408        0x0 drivers/nand/libnand.a(nand_ids.o)
 .v4_bx         0x33f9b408        0x0 drivers/nand/libnand.a(nand_ecc.o)
 .v4_bx         0x33f9b408        0x0 drivers/nand/libnand.a(nand_bbt.o)
 .v4_bx         0x33f9b408        0x0 common/libcommon.a(main.o)
 .v4_bx         0x33f9b408        0x0 common/libcommon.a(cmd_autoscript.o)
 .v4_bx         0x33f9b408        0x0 common/libcommon.a(cmd_bdinfo.o)
 .v4_bx         0x33f9b408        0x0 common/libcommon.a(cmd_boot.o)
 .v4_bx         0x33f9b408        0x0 common/libcommon.a(cmd_bootm.o)
 .v4_bx         0x33f9b408        0x0 common/libcommon.a(cmd_cache.o)
 .v4_bx         0x33f9b408        0x0 common/libcommon.a(cmd_console.o)
 .v4_bx         0x33f9b408        0x0 common/libcommon.a(cmd_date.o)
 .v4_bx         0x33f9b408        0x0 common/libcommon.a(cmd_elf.o)
 .v4_bx         0x33f9b408        0x0 common/libcommon.a(cmd_flash.o)
 .v4_bx         0x33f9b408        0x0 common/libcommon.a(cmd_itest.o)
 .v4_bx         0x33f9b408        0x0 common/libcommon.a(cmd_jffs2.o)
 .v4_bx         0x33f9b408        0x0 common/libcommon.a(cmd_load.o)
 .v4_bx         0x33f9b408        0x0 common/libcommon.a(cmd_mem.o)
 .v4_bx         0x33f9b408        0x0 common/libcommon.a(cmd_misc.o)
 .v4_bx         0x33f9b408        0x0 common/libcommon.a(cmd_nand.o)
 .v4_bx         0x33f9b408        0x0 common/libcommon.a(cmd_net.o)
 .v4_bx         0x33f9b408        0x0 common/libcommon.a(cmd_nvedit.o)
 .v4_bx         0x33f9b408        0x0 common/libcommon.a(command.o)
 .v4_bx         0x33f9b408        0x0 common/libcommon.a(console.o)
 .v4_bx         0x33f9b408        0x0 common/libcommon.a(devices.o)
 .v4_bx         0x33f9b408        0x0 common/libcommon.a(dlmalloc.o)
 .v4_bx         0x33f9b408        0x0 common/libcommon.a(env_common.o)
 .v4_bx         0x33f9b408        0x0 common/libcommon.a(env_flash.o)
 .v4_bx         0x33f9b408        0x0 common/libcommon.a(exports.o)
 .v4_bx         0x33f9b408        0x0 common/libcommon.a(flash.o)
 .v4_bx         0x33f9b408        0x0 common/libcommon.a(lists.o)
 .v4_bx         0x33f9b408        0x0 common/libcommon.a(s_record.o)
 .v4_bx         0x33f9b408        0x0 common/libcommon.a(xyzModem.o)
 .v4_bx         0x33f9b408        0x0 common/libcommon.a(crc16.o)
 .v4_bx         0x33f9b408        0x0 lib_generic/libgeneric.a(crc32.o)
 .v4_bx         0x33f9b408        0x0 lib_generic/libgeneric.a(ctype.o)
 .v4_bx         0x33f9b408        0x0 lib_generic/libgeneric.a(display_options.o)
 .v4_bx         0x33f9b408        0x0 lib_generic/libgeneric.a(string.o)
 .v4_bx         0x33f9b408        0x0 lib_generic/libgeneric.a(vsprintf.o)
 .v4_bx         0x33f9b408        0x0 lib_generic/libgeneric.a(zlib.o)
 .v4_bx         0x33f9b408        0x0 board/100ask24x0/lib100ask24x0.a(100ask24x0.o)
 .v4_bx         0x33f9b408        0x0 board/100ask24x0/lib100ask24x0.a(flash.o)
 .v4_bx         0x33f9b408        0x0 cpu/arm920t/libarm920t.a(cpu.o)
 .v4_bx         0x33f9b408        0x0 cpu/arm920t/s3c24x0/libs3c24x0.a(serial.o)
 .v4_bx         0x33f9b408        0x0 cpu/arm920t/s3c24x0/libs3c24x0.a(nand_flash.o)
 .v4_bx         0x33f9b408        0x0 lib_arm/libarm.a(_ashldi3.o)
 .v4_bx         0x33f9b408        0x0 lib_arm/libarm.a(_ashrdi3.o)
 .v4_bx         0x33f9b408        0x0 lib_arm/libarm.a(_divsi3.o)
 .v4_bx         0x33f9b408        0x0 lib_arm/libarm.a(_modsi3.o)
 .v4_bx         0x33f9b408        0x0 lib_arm/libarm.a(_umodsi3.o)
 .v4_bx         0x33f9b408        0x0 lib_arm/libarm.a(armlinux.o)
 .v4_bx         0x33f9b408        0x0 lib_arm/libarm.a(cache.o)
 .v4_bx         0x33f9b408        0x0 fs/cramfs/libcramfs.a(cramfs.o)
 .v4_bx         0x33f9b408        0x0 fs/cramfs/libcramfs.a(uncompress.o)
 .v4_bx         0x33f9b408        0x0 fs/jffs2/libjffs2.a(jffs2_1pass.o)
 .v4_bx         0x33f9b408        0x0 fs/jffs2/libjffs2.a(compr_rtime.o)
 .v4_bx         0x33f9b408        0x0 fs/jffs2/libjffs2.a(compr_rubin.o)
 .v4_bx         0x33f9b408        0x0 fs/jffs2/libjffs2.a(compr_zlib.o)
 .v4_bx         0x33f9b408        0x0 fs/jffs2/libjffs2.a(mini_inflate.o)
 .v4_bx         0x33f9b408        0x0 rtc/librtc.a(date.o)
 .v4_bx         0x33f9b408        0x0 rtc/librtc.a(s3c24x0_rtc.o)
 .v4_bx         0x33f9b408        0x0 drivers/nand/libnand.a(nand_util.o)
 .v4_bx         0x33f9b408        0x0 /usr/local/arm/4.3.2/bin/../lib/gcc/arm-none-linux-gnueabi/4.3.2/armv4t/libgcc.a(_udivdi3.o)
 .v4_bx         0x33f9b408        0x0 /usr/local/arm/4.3.2/bin/../lib/gcc/arm-none-linux-gnueabi/4.3.2/armv4t/libgcc.a(_udivsi3.o)
 .v4_bx         0x33f9b408        0x0 /usr/local/arm/4.3.2/bin/../lib/gcc/arm-none-linux-gnueabi/4.3.2/armv4t/libgcc.a(_dvmd_lnx.o)
 .v4_bx         0x33f9b408        0x0 /usr/local/arm/4.3.2/bin/../lib/gcc/arm-none-linux-gnueabi/4.3.2/armv4t/libgcc.a(_clz.o)
                0x33f9b408                . = ALIGN (0x4)

.rodata         0x33f9b408      0xaac
 *(.rodata)
 .rodata        0x33f9b408       0x80 cpu/arm920t/libarm920t.a(interrupts.o)
 .rodata        0x33f9b488       0x26 lib_arm/libarm.a(board.o)
                0x33f9b488                version_string
 .rodata        0x33f9b4ae        0x7 net/libnet.a(net.o)
 .rodata        0x33f9b4b5        0x7 drivers/libdrivers.a(cs8900.o)
 .rodata        0x33f9b4bc        0x5 drivers/nand/libnand.a(nand.o)
 .rodata        0x33f9b4c1       0x13 drivers/nand/libnand.a(nand_base.o)
 .rodata        0x33f9b4d4      0x100 drivers/nand/libnand.a(nand_ecc.o)
 .rodata        0x33f9b5d4       0x14 common/libcommon.a(cmd_nvedit.o)
 .rodata        0x33f9b5e8      0x200 common/libcommon.a(crc16.o)
 .rodata        0x33f9b7e8      0x400 lib_generic/libgeneric.a(crc32.o)
 .rodata        0x33f9bbe8       0x90 lib_generic/libgeneric.a(zlib.o)
 .rodata        0x33f9bc78       0x2e cpu/arm920t/s3c24x0/libs3c24x0.a(nand_flash.o)
 *fill*         0x33f9bca6        0x2 00
 .rodata        0x33f9bca8       0xc8 fs/jffs2/libjffs2.a(jffs2_1pass.o)
 .rodata        0x33f9bd70       0x13 fs/jffs2/libjffs2.a(mini_inflate.o)
 *fill*         0x33f9bd83        0x1 00
 .rodata        0x33f9bd84       0x30 rtc/librtc.a(date.o)
 .rodata        0x33f9bdb4      0x100 /usr/local/arm/4.3.2/bin/../lib/gcc/arm-none-linux-gnueabi/4.3.2/armv4t/libgcc.a(_clz.o)
                0x33f9bdb4                __clz_tab

.rodata.str1.1  0x33f9beb4     0x5987
 .rodata.str1.1
                0x33f9beb4      0x264 cpu/arm920t/libarm920t.a(interrupts.o)
                                0x27b (size before relaxing)
 .rodata.str1.1
                0x33f9c118       0x73 lib_arm/libarm.a(board.o)
                                 0x75 (size before relaxing)
 .rodata.str1.1
                0x33f9c18b      0x1ba net/libnet.a(net.o)
                                0x1c2 (size before relaxing)
 .rodata.str1.1
                0x33f9c345      0x174 net/libnet.a(tftp.o)
                                0x1b5 (size before relaxing)
 .rodata.str1.1
                0x33f9c4b9       0x7d net/libnet.a(bootp.o)
                                 0xad (size before relaxing)
 .rodata.str1.1
                0x33f9c536       0x13 net/libnet.a(rarp.o)
                                 0x47 (size before relaxing)
 .rodata.str1.1
                0x33f9c549       0xed net/libnet.a(nfs.o)
                                0x16c (size before relaxing)
 .rodata.str1.1
                0x33f9c636       0xc8 drivers/libdrivers.a(cs8900.o)
                                 0xd0 (size before relaxing)
 .rodata.str1.1
                0x33f9c6fe        0x9 drivers/nand/libnand.a(nand.o)
 .rodata.str1.1
                0x33f9c707      0x30e drivers/nand/libnand.a(nand_base.o)
 .rodata.str1.1
                0x33f9ca15      0x3dc drivers/nand/libnand.a(nand_ids.o)
                                0x3f2 (size before relaxing)
 .rodata.str1.1
                0x33f9cdf1      0x2f0 drivers/nand/libnand.a(nand_bbt.o)
 .rodata.str1.1
                0x33f9d0e1       0xee common/libcommon.a(main.o)
                                 0xf1 (size before relaxing)
 .rodata.str1.1
                0x33f9d1cf       0xec common/libcommon.a(cmd_autoscript.o)
 .rodata.str1.1
                0x33f9d2bb       0xb2 common/libcommon.a(cmd_bdinfo.o)
 .rodata.str1.1
                0x33f9d36d      0x106 common/libcommon.a(cmd_boot.o)
                                0x111 (size before relaxing)
 .rodata.str1.1
                0x33f9d473      0x7f2 common/libcommon.a(cmd_bootm.o)
                                0x85c (size before relaxing)
 .rodata.str1.1
                0x33f9dc65      0x118 common/libcommon.a(cmd_cache.o)
                                0x12a (size before relaxing)
 .rodata.str1.1
                0x33f9dd7d       0x6b common/libcommon.a(cmd_console.o)
                                 0x6c (size before relaxing)
 .rodata.str1.1
                0x33f9dde8      0x159 common/libcommon.a(cmd_date.o)
                                0x16a (size before relaxing)
 .rodata.str1.1
                0x33f9df41      0x2b1 common/libcommon.a(cmd_elf.o)
                                0x2c3 (size before relaxing)
 .rodata.str1.1
                0x33f9e1f2      0x745 common/libcommon.a(cmd_flash.o)
                                0x75d (size before relaxing)
 .rodata.str1.1
                0x33f9e937       0xbd common/libcommon.a(cmd_itest.o)
                                 0xca (size before relaxing)
 .rodata.str1.1
                0x33f9e9f4      0x2f5 common/libcommon.a(cmd_jffs2.o)
                                0x30f (size before relaxing)
 .rodata.str1.1
                0x33f9ece9      0x3dc common/libcommon.a(cmd_load.o)
                                0x3f6 (size before relaxing)
 .rodata.str1.1
                0x33f9f0c5      0x5c4 common/libcommon.a(cmd_mem.o)
                                0x5e8 (size before relaxing)
 .rodata.str1.1
                0x33f9f689       0x6b common/libcommon.a(cmd_misc.o)
                                 0x76 (size before relaxing)
 .rodata.str1.1
                0x33f9f6f4      0x980 common/libcommon.a(cmd_nand.o)
                                0x9c8 (size before relaxing)
 .rodata.str1.1
                0x33fa0074      0x203 common/libcommon.a(cmd_net.o)
                                0x247 (size before relaxing)
 .rodata.str1.1
                0x33fa0277      0x304 common/libcommon.a(cmd_nvedit.o)
                                0x387 (size before relaxing)
 .rodata.str1.1
                0x33fa057b      0x25e common/libcommon.a(command.o)
                                0x268 (size before relaxing)
 .rodata.str1.1
                0x33fa07d9       0x70 common/libcommon.a(console.o)
                                 0x74 (size before relaxing)
 .rodata.str1.1
                0x33fa0849       0x2f common/libcommon.a(devices.o)
                                 0x43 (size before relaxing)
 .rodata.str1.1
                0x33fa0878       0x33 common/libcommon.a(env_common.o)
 .rodata.str1.1
                0x33fa08ab       0x2c common/libcommon.a(env_flash.o)
                                 0x32 (size before relaxing)
 .rodata.str1.1
                0x33fa08d7      0x10c common/libcommon.a(flash.o)
 .rodata.str1.1
                0x33fa09e3       0xe3 common/libcommon.a(xyzModem.o)
                                 0xe5 (size before relaxing)
 .rodata.str1.1
                0x33fa0ac6       0x11 lib_generic/libgeneric.a(display_options.o)
                                 0x18 (size before relaxing)
 .rodata.str1.1
                0x33fa0ad7       0x51 lib_generic/libgeneric.a(vsprintf.o)
 .rodata.str1.1
                0x33fa0b28      0x1f3 lib_generic/libgeneric.a(zlib.o)
                                0x1f4 (size before relaxing)
 .rodata.str1.1
                0x33fa0d1b       0xdb board/100ask24x0/lib100ask24x0.a(flash.o)
                                 0xe9 (size before relaxing)
 .rodata.str1.1
                0x33fa0df6       0x14 cpu/arm920t/s3c24x0/libs3c24x0.a(nand_flash.o)
 .rodata.str1.1
                0x33fa0e0a       0x5a lib_arm/libarm.a(armlinux.o)
                                 0xb7 (size before relaxing)
 .rodata.str1.1
                0x33fa0e64      0x18b fs/cramfs/libcramfs.a(cramfs.o)
                                0x18f (size before relaxing)
 .rodata.str1.1
                0x00000000       0x23 fs/cramfs/libcramfs.a(uncompress.o)
 .rodata.str1.1
                0x33fa0fef      0x323 fs/jffs2/libjffs2.a(jffs2_1pass.o)
                                0x33c (size before relaxing)
 .rodata.str1.1
                0x33fa1312      0x529 drivers/nand/libnand.a(nand_util.o)
                                0x52b (size before relaxing)

.ARM.extab      0x33fa183b        0x0
 .ARM.extab     0x33fa183b        0x0 /usr/local/arm/4.3.2/bin/../lib/gcc/arm-none-linux-gnueabi/4.3.2/armv4t/libgcc.a(_udivdi3.o)

.ARM.exidx      0x33fa183c        0x8
 .ARM.exidx     0x33fa183c        0x8 /usr/local/arm/4.3.2/bin/../lib/gcc/arm-none-linux-gnueabi/4.3.2/armv4t/libgcc.a(_udivdi3.o)

.rel.dyn        0x33fa1844        0x0
 .rel.got       0x00000000        0x0 /usr/local/arm/4.3.2/bin/../lib/gcc/arm-none-linux-gnueabi/4.3.2/armv4t/libgcc.a(_udivdi3.o)
                0x00000000                . = ALIGN (0x4)

.data           0x33fa1844     0x147c
 *(.data)
 .data          0x33fa1844        0x0 cpu/arm920t/start.o
 .data          0x33fa1844        0x0 board/100ask24x0/lib100ask24x0.a(lowlevel_init.o)
 .data          0x33fa1844        0x0 cpu/arm920t/libarm920t.a(interrupts.o)
 .data          0x33fa1844        0x0 cpu/arm920t/s3c24x0/libs3c24x0.a(interrupts.o)
 .data          0x33fa1844        0x0 cpu/arm920t/s3c24x0/libs3c24x0.a(speed.o)
 .data          0x33fa1844        0x0 lib_arm/libarm.a(_udivsi3.o)
 .data          0x33fa1844       0x2c lib_arm/libarm.a(board.o)
                0x33fa1844                init_sequence
 .data          0x33fa1870        0x0 lib_arm/libarm.a(div0.o)
 .data          0x33fa1870        0xa net/libnet.a(net.o)
                0x33fa1872                NetBcastAddr
                0x33fa1878                NetOurNativeVLAN
                0x33fa1870                NetOurVLAN
 .data          0x33fa187a        0x0 net/libnet.a(tftp.o)
 .data          0x33fa187a        0x0 net/libnet.a(bootp.o)
 .data          0x33fa187a        0x0 net/libnet.a(rarp.o)
 .data          0x33fa187a        0x0 net/libnet.a(eth.o)
 *fill*         0x33fa187a        0x2 00
 .data          0x33fa187c        0x4 net/libnet.a(nfs.o)
 .data          0x33fa1880        0x0 drivers/libdrivers.a(cs8900.o)
 .data          0x33fa1880        0x4 drivers/nand/libnand.a(nand.o)
                0x33fa1880                nand_curr_device
 .data          0x33fa1884      0x298 drivers/nand/libnand.a(nand_base.o)
 .data          0x33fa1b1c      0x548 drivers/nand/libnand.a(nand_ids.o)
                0x33fa202c                nand_manuf_ids
                0x33fa1b1c                nand_flash_ids
 .data          0x33fa2064        0x0 drivers/nand/libnand.a(nand_ecc.o)
 .data          0x33fa2064      0x10c drivers/nand/libnand.a(nand_bbt.o)
 .data          0x33fa2170        0xd common/libcommon.a(main.o)
 .data          0x33fa217d        0x0 common/libcommon.a(cmd_autoscript.o)
 .data          0x33fa217d        0x0 common/libcommon.a(cmd_bdinfo.o)
 .data          0x33fa217d        0x0 common/libcommon.a(cmd_boot.o)
 *fill*         0x33fa217d        0x3 00
 .data          0x33fa2180        0x4 common/libcommon.a(cmd_bootm.o)
                0x33fa2180                load_addr
 .data          0x33fa2184        0x0 common/libcommon.a(cmd_cache.o)
 .data          0x33fa2184        0x0 common/libcommon.a(cmd_console.o)
 .data          0x33fa2184       0x1c common/libcommon.a(cmd_date.o)
                0x33fa2184                weekdays
 .data          0x33fa21a0        0x0 common/libcommon.a(cmd_elf.o)
 .data          0x33fa21a0        0x0 common/libcommon.a(cmd_flash.o)
 .data          0x33fa21a0       0x68 common/libcommon.a(cmd_itest.o)
                0x33fa21a0                op_table
 .data          0x33fa2208        0x0 common/libcommon.a(cmd_jffs2.o)
 .data          0x33fa2208        0x4 common/libcommon.a(cmd_load.o)
 .data          0x33fa220c        0x4 common/libcommon.a(cmd_mem.o)
                0x33fa220c                dp_last_length
 .data          0x33fa2210        0x0 common/libcommon.a(cmd_misc.o)
 .data          0x33fa2210        0x0 common/libcommon.a(cmd_nand.o)
 .data          0x33fa2210        0x0 common/libcommon.a(cmd_net.o)
 .data          0x33fa2210        0x0 common/libcommon.a(cmd_nvedit.o)
 .data          0x33fa2210        0x0 common/libcommon.a(command.o)
 .data          0x33fa2210        0x0 common/libcommon.a(console.o)
 .data          0x33fa2210        0xc common/libcommon.a(devices.o)
                0x33fa2210                stdio_names
 .data          0x33fa221c      0x414 common/libcommon.a(dlmalloc.o)
 .data          0x33fa2630       0xf0 common/libcommon.a(env_common.o)
                0x33fa271c                env_get_char
                0x33fa2630                default_environment
 .data          0x33fa2720        0x8 common/libcommon.a(env_flash.o)
                0x33fa2724                env_name_spec
                0x33fa2720                env_ptr
 .data          0x33fa2728        0x0 common/libcommon.a(exports.o)
 .data          0x33fa2728        0x0 common/libcommon.a(flash.o)
 .data          0x33fa2728        0x0 common/libcommon.a(lists.o)
 .data          0x33fa2728        0x0 common/libcommon.a(s_record.o)
 .data          0x33fa2728        0x0 common/libcommon.a(xyzModem.o)
 .data          0x33fa2728        0x0 common/libcommon.a(crc16.o)
 .data          0x33fa2728        0x0 lib_generic/libgeneric.a(crc32.o)
 .data          0x33fa2728      0x100 lib_generic/libgeneric.a(ctype.o)
                0x33fa2728                _ctype
 .data          0x33fa2828        0x0 lib_generic/libgeneric.a(display_options.o)
 .data          0x33fa2828        0x0 lib_generic/libgeneric.a(string.o)
 .data          0x33fa2828        0x0 lib_generic/libgeneric.a(vsprintf.o)
 .data          0x33fa2828      0x210 lib_generic/libgeneric.a(zlib.o)
                0x33fa2a14                zlib_version
                0x33fa2a18                z_errmsg
 .data          0x33fa2a38        0x0 board/100ask24x0/lib100ask24x0.a(100ask24x0.o)
 .data          0x33fa2a38        0x0 board/100ask24x0/lib100ask24x0.a(flash.o)
 .data          0x33fa2a38        0x0 cpu/arm920t/libarm920t.a(cpu.o)
 .data          0x33fa2a38        0x0 cpu/arm920t/s3c24x0/libs3c24x0.a(serial.o)
 .data          0x33fa2a38        0x0 cpu/arm920t/s3c24x0/libs3c24x0.a(nand_flash.o)
 .data          0x33fa2a38        0x0 lib_arm/libarm.a(_ashldi3.o)
 .data          0x33fa2a38        0x0 lib_arm/libarm.a(_ashrdi3.o)
 .data          0x33fa2a38        0x0 lib_arm/libarm.a(_divsi3.o)
 .data          0x33fa2a38        0x0 lib_arm/libarm.a(_modsi3.o)
 .data          0x33fa2a38        0x0 lib_arm/libarm.a(_umodsi3.o)
 .data          0x33fa2a38        0x0 lib_arm/libarm.a(armlinux.o)
 .data          0x33fa2a38        0x0 lib_arm/libarm.a(cache.o)
 .data          0x33fa2a38        0x0 fs/cramfs/libcramfs.a(cramfs.o)
 .data          0x33fa2a38        0x0 fs/cramfs/libcramfs.a(uncompress.o)
 .data          0x33fa2a38        0x0 fs/jffs2/libjffs2.a(jffs2_1pass.o)
 .data          0x33fa2a38        0x0 fs/jffs2/libjffs2.a(compr_rtime.o)
 .data          0x33fa2a38        0x0 fs/jffs2/libjffs2.a(compr_rubin.o)
 .data          0x33fa2a38        0x0 fs/jffs2/libjffs2.a(compr_zlib.o)
 .data          0x33fa2a38        0x0 fs/jffs2/libjffs2.a(mini_inflate.o)
 .data          0x33fa2a38       0x30 rtc/librtc.a(date.o)
 .data          0x33fa2a68        0x0 rtc/librtc.a(s3c24x0_rtc.o)
 .data          0x33fa2a68      0x258 drivers/nand/libnand.a(nand_util.o)
 .data          0x33fa2cc0        0x0 /usr/local/arm/4.3.2/bin/../lib/gcc/arm-none-linux-gnueabi/4.3.2/armv4t/libgcc.a(_udivdi3.o)
 .data          0x33fa2cc0        0x0 /usr/local/arm/4.3.2/bin/../lib/gcc/arm-none-linux-gnueabi/4.3.2/armv4t/libgcc.a(_udivsi3.o)
 .data          0x33fa2cc0        0x0 /usr/local/arm/4.3.2/bin/../lib/gcc/arm-none-linux-gnueabi/4.3.2/armv4t/libgcc.a(_dvmd_lnx.o)
 .data          0x33fa2cc0        0x0 /usr/local/arm/4.3.2/bin/../lib/gcc/arm-none-linux-gnueabi/4.3.2/armv4t/libgcc.a(_clz.o)

.got.plt        0x33fa2cc0        0xc
 .got.plt       0x33fa2cc0        0xc /usr/local/arm/4.3.2/bin/../lib/gcc/arm-none-linux-gnueabi/4.3.2/armv4t/libgcc.a(_udivdi3.o)
                0x33fa2cc0                _GLOBAL_OFFSET_TABLE_
                0x33fa2ccc                . = ALIGN (0x4)

.got            0x33fa2ccc        0x4
 *(.got)
 .got           0x33fa2ccc        0x4 /usr/local/arm/4.3.2/bin/../lib/gcc/arm-none-linux-gnueabi/4.3.2/armv4t/libgcc.a(_udivdi3.o)
                0x33fa2cd0                . = .
                0x33fa2cd0                __u_boot_cmd_start = .

.u_boot_cmd     0x33fa2cd0      0x4e0
 *(.u_boot_cmd)
 .u_boot_cmd    0x33fa2cd0       0x18 common/libcommon.a(cmd_autoscript.o)
                0x33fa2cd0                __u_boot_cmd_autoscr
 .u_boot_cmd    0x33fa2ce8       0x18 common/libcommon.a(cmd_bdinfo.o)
                0x33fa2ce8                __u_boot_cmd_bdinfo
 .u_boot_cmd    0x33fa2d00       0x30 common/libcommon.a(cmd_boot.o)
                0x33fa2d18                __u_boot_cmd_reset
                0x33fa2d00                __u_boot_cmd_go
 .u_boot_cmd    0x33fa2d30       0x78 common/libcommon.a(cmd_bootm.o)
                0x33fa2d30                __u_boot_cmd_bootm
                0x33fa2d78                __u_boot_cmd_iminfo
                0x33fa2d60                __u_boot_cmd_bootd
                0x33fa2d48                __u_boot_cmd_boot
                0x33fa2d90                __u_boot_cmd_imls
 .u_boot_cmd    0x33fa2da8       0x30 common/libcommon.a(cmd_cache.o)
                0x33fa2dc0                __u_boot_cmd_dcache
                0x33fa2da8                __u_boot_cmd_icache
 .u_boot_cmd    0x33fa2dd8       0x18 common/libcommon.a(cmd_console.o)
                0x33fa2dd8                __u_boot_cmd_coninfo
 .u_boot_cmd    0x33fa2df0       0x18 common/libcommon.a(cmd_date.o)
                0x33fa2df0                __u_boot_cmd_date
 .u_boot_cmd    0x33fa2e08       0x30 common/libcommon.a(cmd_elf.o)
                0x33fa2e20                __u_boot_cmd_bootvx
                0x33fa2e08                __u_boot_cmd_bootelf
 .u_boot_cmd    0x33fa2e38       0x48 common/libcommon.a(cmd_flash.o)
                0x33fa2e38                __u_boot_cmd_flinfo
                0x33fa2e50                __u_boot_cmd_erase
                0x33fa2e68                __u_boot_cmd_protect
 .u_boot_cmd    0x33fa2e80       0x18 common/libcommon.a(cmd_itest.o)
                0x33fa2e80                __u_boot_cmd_itest
 .u_boot_cmd    0x33fa2e98       0x48 common/libcommon.a(cmd_jffs2.o)
                0x33fa2ec8                __u_boot_cmd_fsinfo
                0x33fa2e98                __u_boot_cmd_fsload
                0x33fa2eb0                __u_boot_cmd_ls
 .u_boot_cmd    0x33fa2ee0       0x60 common/libcommon.a(cmd_load.o)
                0x33fa2f28                __u_boot_cmd_loady
                0x33fa2ef8                __u_boot_cmd_loadb
                0x33fa2ee0                __u_boot_cmd_loads
                0x33fa2f10                __u_boot_cmd_loadx
 .u_boot_cmd    0x33fa2f40       0xf0 common/libcommon.a(cmd_mem.o)
                0x33fa2f40                __u_boot_cmd_md
                0x33fa2fb8                __u_boot_cmd_cmp
                0x33fa2f88                __u_boot_cmd_mw
                0x33fa3000                __u_boot_cmd_loop
                0x33fa2fe8                __u_boot_cmd_base
                0x33fa2f58                __u_boot_cmd_mm
                0x33fa2fd0                __u_boot_cmd_crc32
                0x33fa2f70                __u_boot_cmd_nm
                0x33fa3018                __u_boot_cmd_mtest
                0x33fa2fa0                __u_boot_cmd_cp
 .u_boot_cmd    0x33fa3030       0x18 common/libcommon.a(cmd_misc.o)
                0x33fa3030                __u_boot_cmd_sleep
 .u_boot_cmd    0x33fa3048       0x30 common/libcommon.a(cmd_nand.o)
                0x33fa3048                __u_boot_cmd_nand
                0x33fa3060                __u_boot_cmd_nboot
 .u_boot_cmd    0x33fa3078       0x78 common/libcommon.a(cmd_net.o)
                0x33fa30c0                __u_boot_cmd_nfs
                0x33fa30d8                __u_boot_cmd_ping
                0x33fa30a8                __u_boot_cmd_rarpboot
                0x33fa3090                __u_boot_cmd_tftpboot
                0x33fa3078                __u_boot_cmd_bootp
 .u_boot_cmd    0x33fa30f0       0x60 common/libcommon.a(cmd_nvedit.o)
                0x33fa3138                __u_boot_cmd_run
                0x33fa3120                __u_boot_cmd_saveenv
                0x33fa30f0                __u_boot_cmd_printenv
                0x33fa3108                __u_boot_cmd_setenv
 .u_boot_cmd    0x33fa3150       0x60 common/libcommon.a(command.o)
                0x33fa3168                __u_boot_cmd_echo
                0x33fa3198                __u_boot_cmd_question_mark
                0x33fa3150                __u_boot_cmd_version
                0x33fa3180                __u_boot_cmd_help
                0x33fa31b0                __u_boot_cmd_end = .
                0x33fa31b0                . = ALIGN (0x4)
                0x33fa31b0                __bss_start = .

.bss            0x33fa31b0     0x52f4
 *(.bss)
 .bss           0x33fa31b0        0x0 cpu/arm920t/start.o
 .bss           0x33fa31b0        0x0 board/100ask24x0/lib100ask24x0.a(lowlevel_init.o)
 .bss           0x33fa31b0        0x0 cpu/arm920t/libarm920t.a(interrupts.o)
 .bss           0x33fa31b0        0xc cpu/arm920t/s3c24x0/libs3c24x0.a(interrupts.o)
                0x33fa31b8                timer_load_val
 .bss           0x33fa31bc        0x0 cpu/arm920t/s3c24x0/libs3c24x0.a(speed.o)
 .bss           0x33fa31bc        0x0 lib_arm/libarm.a(_udivsi3.o)
 .bss           0x33fa31bc       0x10 lib_arm/libarm.a(board.o)
                0x33fa31c8                monitor_flash_len
 .bss           0x33fa31cc        0x0 lib_arm/libarm.a(div0.o)
 .bss           0x33fa31cc     0x25cc net/libnet.a(net.o)
                0x33fa3228                NetArpWaitTry
                0x33fa3204                NetArpWaitPacketMAC
                0x33fa31dc                NetOurEther
                0x33fa31d8                NetOurIP
                0x33fa31e4                NetPingIP
                0x33fa3210                NetServerIP
                0x33fa320c                NetArpWaitTxPacketSize
                0x33fa31f8                NetArpWaitReplyIP
                0x33fa3208                NetArpWaitTxPacket
                0x33fa505c                NetRxPackets
                0x33fa5694                NetOurNISDomain
                0x33fa31ec                NetArpWaitPacketIP
                0x33fa31cc                NetState
                0x33fa5716                BootFile
                0x33fa3214                NetServerEther
                0x33fa31f0                NetOurSubnetMask
                0x33fa5714                NetBootFileSize
                0x33fa31d4                NetIPID
                0x33fa56b4                NetOurHostName
                0x33fa31fc                NetRxPkt
                0x33fa31f4                NetOurGatewayIP
                0x33fa3220                NetEtherNullAddr
                0x33fa506c                NetArpWaitPacketBuf
                0x33fa3200                NetRxPktLen
                0x33fa31e8                NetTxPacket
                0x33fa568c                NetBootFileXferSize
                0x33fa5690                NetOurDNSIP
                0x33fa323c                PktBuf
                0x33fa56d4                NetOurRootPath
                0x33fa322c                NetArpWaitTimerStart
 .bss           0x33fa5798       0x34 net/libnet.a(tftp.o)
 .bss           0x33fa57cc        0x8 net/libnet.a(bootp.o)
                0x33fa57cc                BootpTry
                0x33fa57d0                BootpID
 .bss           0x33fa57d4        0x4 net/libnet.a(rarp.o)
                0x33fa57d4                RarpTry
 .bss           0x33fa57d8        0x0 net/libnet.a(eth.o)
 .bss           0x33fa57d8      0x8b0 net/libnet.a(nfs.o)
 .bss           0x33fa6088        0x0 drivers/libdrivers.a(cs8900.o)
 .bss           0x33fa6088      0x204 drivers/nand/libnand.a(nand.o)
                0x33fa6088                nand_info
 .bss           0x33fa628c        0x0 drivers/nand/libnand.a(nand_base.o)
 .bss           0x33fa628c        0x0 drivers/nand/libnand.a(nand_ids.o)
 .bss           0x33fa628c        0x0 drivers/nand/libnand.a(nand_ecc.o)
 .bss           0x33fa628c        0x0 drivers/nand/libnand.a(nand_bbt.o)
 .bss           0x33fa628c      0x200 common/libcommon.a(main.o)
                0x33fa628c                console_buffer
 .bss           0x33fa648c        0x0 common/libcommon.a(cmd_autoscript.o)
 .bss           0x33fa648c        0x0 common/libcommon.a(cmd_bdinfo.o)
 .bss           0x33fa648c        0x0 common/libcommon.a(cmd_boot.o)
 .bss           0x33fa648c       0x40 common/libcommon.a(cmd_bootm.o)
                0x33fa648c                header
 .bss           0x33fa64cc        0x0 common/libcommon.a(cmd_cache.o)
 .bss           0x33fa64cc        0x0 common/libcommon.a(cmd_console.o)
 .bss           0x33fa64cc        0x0 common/libcommon.a(cmd_date.o)
 .bss           0x33fa64cc        0x0 common/libcommon.a(cmd_elf.o)
 .bss           0x33fa64cc        0x0 common/libcommon.a(cmd_flash.o)
 .bss           0x33fa64cc        0x0 common/libcommon.a(cmd_itest.o)
 .bss           0x33fa64cc        0x8 common/libcommon.a(cmd_jffs2.o)
 .bss           0x33fa64d4       0x88 common/libcommon.a(cmd_load.o)
                0x33fa6508                his_pad_char
                0x33fa64d8                os_data_count
                0x33fa64e8                os_data_init
                0x33fa650c                send_ptr
                0x33fa653c                os_data_header
                0x33fa64fc                os_data_char
                0x33fa6509                his_eol
                0x33fa6500                his_quote
                0x33fa6510                send_parms
                0x33fa6504                his_pad_count
 .bss           0x33fa655c       0x14 common/libcommon.a(cmd_mem.o)
                0x33fa656c                dp_last_size
                0x33fa6568                dp_last_addr
                0x33fa6564                mm_last_size
                0x33fa6560                mm_last_addr
 .bss           0x33fa6570        0x0 common/libcommon.a(cmd_misc.o)
 .bss           0x33fa6570        0x0 common/libcommon.a(cmd_nand.o)
 .bss           0x33fa6570        0x0 common/libcommon.a(cmd_net.o)
 .bss           0x33fa6570        0x0 common/libcommon.a(cmd_nvedit.o)
 .bss           0x33fa6570        0x0 common/libcommon.a(command.o)
 .bss           0x33fa6570        0x8 common/libcommon.a(console.o)
 .bss           0x33fa6578       0x10 common/libcommon.a(devices.o)
                0x33fa6578                devlist
                0x33fa657c                stdio_devices
 .bss           0x33fa6588       0x38 common/libcommon.a(dlmalloc.o)
 .bss           0x33fa65c0        0x0 common/libcommon.a(env_common.o)
 .bss           0x33fa65c0        0x0 common/libcommon.a(env_flash.o)
 .bss           0x33fa65c0        0x0 common/libcommon.a(exports.o)
 .bss           0x33fa65c0        0x0 common/libcommon.a(flash.o)
 .bss           0x33fa65c0        0x0 common/libcommon.a(lists.o)
 .bss           0x33fa65c0        0x0 common/libcommon.a(s_record.o)
 .bss           0x33fa65c0      0x43c common/libcommon.a(xyzModem.o)
 .bss           0x33fa69fc        0x0 common/libcommon.a(crc16.o)
 .bss           0x33fa69fc        0x0 lib_generic/libgeneric.a(crc32.o)
 .bss           0x33fa69fc        0x0 lib_generic/libgeneric.a(ctype.o)
 .bss           0x33fa69fc        0x0 lib_generic/libgeneric.a(display_options.o)
 .bss           0x33fa69fc        0x4 lib_generic/libgeneric.a(string.o)
                0x33fa69fc                ___strtok
 .bss           0x33fa6a00        0x0 lib_generic/libgeneric.a(vsprintf.o)
 .bss           0x33fa6a00     0x10a8 lib_generic/libgeneric.a(zlib.o)
 .bss           0x33fa7aa8        0x0 board/100ask24x0/lib100ask24x0.a(100ask24x0.o)
 .bss           0x33fa7aa8       0x6c board/100ask24x0/lib100ask24x0.a(flash.o)
                0x33fa7aa8                flash_info
 .bss           0x33fa7b14        0x0 cpu/arm920t/libarm920t.a(cpu.o)
 .bss           0x33fa7b14        0x0 cpu/arm920t/s3c24x0/libs3c24x0.a(serial.o)
 .bss           0x33fa7b14        0x0 cpu/arm920t/s3c24x0/libs3c24x0.a(nand_flash.o)
 .bss           0x33fa7b14        0x0 lib_arm/libarm.a(_ashldi3.o)
 .bss           0x33fa7b14        0x0 lib_arm/libarm.a(_ashrdi3.o)
 .bss           0x33fa7b14        0x0 lib_arm/libarm.a(_divsi3.o)
 .bss           0x33fa7b14        0x0 lib_arm/libarm.a(_modsi3.o)
 .bss           0x33fa7b14        0x0 lib_arm/libarm.a(_umodsi3.o)
 .bss           0x33fa7b14        0x4 lib_arm/libarm.a(armlinux.o)
 .bss           0x33fa7b18        0x0 lib_arm/libarm.a(cache.o)
 .bss           0x33fa7b18       0x4c fs/cramfs/libcramfs.a(cramfs.o)
                0x33fa7b18                super
 .bss           0x33fa7b64       0x34 fs/cramfs/libcramfs.a(uncompress.o)
 .bss           0x33fa7b98        0x4 fs/jffs2/libjffs2.a(jffs2_1pass.o)
 .bss           0x33fa7b9c        0x0 fs/jffs2/libjffs2.a(compr_rtime.o)
 .bss           0x33fa7b9c        0x0 fs/jffs2/libjffs2.a(compr_rubin.o)
 .bss           0x33fa7b9c        0x0 fs/jffs2/libjffs2.a(compr_zlib.o)
 .bss           0x33fa7b9c        0x0 fs/jffs2/libjffs2.a(mini_inflate.o)
 .bss           0x33fa7b9c        0x0 rtc/librtc.a(date.o)
 .bss           0x33fa7b9c        0x0 rtc/librtc.a(s3c24x0_rtc.o)
 .bss           0x33fa7b9c      0x908 drivers/nand/libnand.a(nand_util.o)
 .bss           0x33fa84a4        0x0 /usr/local/arm/4.3.2/bin/../lib/gcc/arm-none-linux-gnueabi/4.3.2/armv4t/libgcc.a(_udivdi3.o)
 .bss           0x33fa84a4        0x0 /usr/local/arm/4.3.2/bin/../lib/gcc/arm-none-linux-gnueabi/4.3.2/armv4t/libgcc.a(_udivsi3.o)
 .bss           0x33fa84a4        0x0 /usr/local/arm/4.3.2/bin/../lib/gcc/arm-none-linux-gnueabi/4.3.2/armv4t/libgcc.a(_dvmd_lnx.o)
 .bss           0x33fa84a4        0x0 /usr/local/arm/4.3.2/bin/../lib/gcc/arm-none-linux-gnueabi/4.3.2/armv4t/libgcc.a(_clz.o)
                0x33fa84a4                _end = .
Address of section .text set to 0x33f80000
LOAD cpu/arm920t/start.o
START GROUP
LOAD lib_generic/libgeneric.a
LOAD board/100ask24x0/lib100ask24x0.a
LOAD cpu/arm920t/libarm920t.a
LOAD cpu/arm920t/s3c24x0/libs3c24x0.a
LOAD lib_arm/libarm.a
LOAD fs/cramfs/libcramfs.a
LOAD fs/fat/libfat.a
LOAD fs/fdos/libfdos.a
LOAD fs/jffs2/libjffs2.a
LOAD fs/reiserfs/libreiserfs.a
LOAD fs/ext2/libext2fs.a
LOAD net/libnet.a
LOAD disk/libdisk.a
LOAD rtc/librtc.a
LOAD dtt/libdtt.a
LOAD drivers/libdrivers.a
LOAD drivers/nand/libnand.a
LOAD drivers/nand_legacy/libnand_legacy.a
LOAD drivers/sk98lin/libsk98lin.a
LOAD post/libpost.a
LOAD post/cpu/libcpu.a
LOAD common/libcommon.a
END GROUP
LOAD /usr/local/arm/4.3.2/bin/../lib/gcc/arm-none-linux-gnueabi/4.3.2/armv4t/libgcc.a
OUTPUT(u-boot elf32-littlearm)

.ARM.attributes
                0x00000000       0x26
 .ARM.attributes
                0x00000000       0x10 cpu/arm920t/start.o
 .ARM.attributes
                0x00000010       0x10 board/100ask24x0/lib100ask24x0.a(lowlevel_init.o)
 .ARM.attributes
                0x00000020       0x10 cpu/arm920t/libarm920t.a(interrupts.o)
 .ARM.attributes
                0x00000030       0x10 cpu/arm920t/s3c24x0/libs3c24x0.a(interrupts.o)
 .ARM.attributes
                0x00000040       0x10 cpu/arm920t/s3c24x0/libs3c24x0.a(speed.o)
 .ARM.attributes
                0x00000050       0x10 lib_arm/libarm.a(_udivsi3.o)
 .ARM.attributes
                0x00000060       0x10 lib_arm/libarm.a(board.o)
 .ARM.attributes
                0x00000070       0x10 lib_arm/libarm.a(div0.o)
 .ARM.attributes
                0x00000080       0x10 net/libnet.a(net.o)
 .ARM.attributes
                0x00000090       0x10 net/libnet.a(tftp.o)
 .ARM.attributes
                0x000000a0       0x10 net/libnet.a(bootp.o)
 .ARM.attributes
                0x000000b0       0x10 net/libnet.a(rarp.o)
 .ARM.attributes
                0x000000c0       0x10 net/libnet.a(eth.o)
 .ARM.attributes
                0x000000d0       0x10 net/libnet.a(nfs.o)
 .ARM.attributes
                0x000000e0       0x10 drivers/libdrivers.a(cs8900.o)
 .ARM.attributes
                0x000000f0       0x10 drivers/nand/libnand.a(nand.o)
 .ARM.attributes
                0x00000100       0x10 drivers/nand/libnand.a(nand_base.o)
 .ARM.attributes
                0x00000110       0x10 drivers/nand/libnand.a(nand_ids.o)
 .ARM.attributes
                0x00000120       0x10 drivers/nand/libnand.a(nand_ecc.o)
 .ARM.attributes
                0x00000130       0x10 drivers/nand/libnand.a(nand_bbt.o)
 .ARM.attributes
                0x00000140       0x10 common/libcommon.a(main.o)
 .ARM.attributes
                0x00000150       0x10 common/libcommon.a(cmd_autoscript.o)
 .ARM.attributes
                0x00000160       0x10 common/libcommon.a(cmd_bdinfo.o)
 .ARM.attributes
                0x00000170       0x10 common/libcommon.a(cmd_boot.o)
 .ARM.attributes
                0x00000180       0x10 common/libcommon.a(cmd_bootm.o)
 .ARM.attributes
                0x00000190       0x10 common/libcommon.a(cmd_cache.o)
 .ARM.attributes
                0x000001a0       0x10 common/libcommon.a(cmd_console.o)
 .ARM.attributes
                0x000001b0       0x10 common/libcommon.a(cmd_date.o)
 .ARM.attributes
                0x000001c0       0x10 common/libcommon.a(cmd_elf.o)
 .ARM.attributes
                0x000001d0       0x10 common/libcommon.a(cmd_flash.o)
 .ARM.attributes
                0x000001e0       0x10 common/libcommon.a(cmd_itest.o)
 .ARM.attributes
                0x000001f0       0x10 common/libcommon.a(cmd_jffs2.o)
 .ARM.attributes
                0x00000200       0x10 common/libcommon.a(cmd_load.o)
 .ARM.attributes
                0x00000210       0x10 common/libcommon.a(cmd_mem.o)
 .ARM.attributes
                0x00000220       0x10 common/libcommon.a(cmd_misc.o)
 .ARM.attributes
                0x00000230       0x10 common/libcommon.a(cmd_nand.o)
 .ARM.attributes
                0x00000240       0x10 common/libcommon.a(cmd_net.o)
 .ARM.attributes
                0x00000250       0x10 common/libcommon.a(cmd_nvedit.o)
 .ARM.attributes
                0x00000260       0x10 common/libcommon.a(command.o)
 .ARM.attributes
                0x00000270       0x10 common/libcommon.a(console.o)
 .ARM.attributes
                0x00000280       0x10 common/libcommon.a(devices.o)
 .ARM.attributes
                0x00000290       0x10 common/libcommon.a(dlmalloc.o)
 .ARM.attributes
                0x000002a0       0x10 common/libcommon.a(env_common.o)
 .ARM.attributes
                0x000002b0       0x10 common/libcommon.a(env_flash.o)
 .ARM.attributes
                0x000002c0       0x10 common/libcommon.a(exports.o)
 .ARM.attributes
                0x000002d0       0x10 common/libcommon.a(flash.o)
 .ARM.attributes
                0x000002e0       0x10 common/libcommon.a(lists.o)
 .ARM.attributes
                0x000002f0       0x10 common/libcommon.a(s_record.o)
 .ARM.attributes
                0x00000300       0x10 common/libcommon.a(xyzModem.o)
 .ARM.attributes
                0x00000310       0x10 common/libcommon.a(crc16.o)
 .ARM.attributes
                0x00000320       0x10 lib_generic/libgeneric.a(crc32.o)
 .ARM.attributes
                0x00000330       0x10 lib_generic/libgeneric.a(ctype.o)
 .ARM.attributes
                0x00000340       0x10 lib_generic/libgeneric.a(display_options.o)
 .ARM.attributes
                0x00000350       0x10 lib_generic/libgeneric.a(string.o)
 .ARM.attributes
                0x00000360       0x10 lib_generic/libgeneric.a(vsprintf.o)
 .ARM.attributes
                0x00000370       0x10 lib_generic/libgeneric.a(zlib.o)
 .ARM.attributes
                0x00000380       0x10 board/100ask24x0/lib100ask24x0.a(100ask24x0.o)
 .ARM.attributes
                0x00000390       0x10 board/100ask24x0/lib100ask24x0.a(flash.o)
 .ARM.attributes
                0x000003a0       0x10 cpu/arm920t/libarm920t.a(cpu.o)
 .ARM.attributes
                0x000003b0       0x10 cpu/arm920t/s3c24x0/libs3c24x0.a(serial.o)
 .ARM.attributes
                0x000003c0       0x10 cpu/arm920t/s3c24x0/libs3c24x0.a(nand_flash.o)
 .ARM.attributes
                0x000003d0       0x10 lib_arm/libarm.a(_ashldi3.o)
 .ARM.attributes
                0x000003e0       0x10 lib_arm/libarm.a(_ashrdi3.o)
 .ARM.attributes
                0x000003f0       0x10 lib_arm/libarm.a(_divsi3.o)
 .ARM.attributes
                0x00000400       0x10 lib_arm/libarm.a(_modsi3.o)
 .ARM.attributes
                0x00000410       0x10 lib_arm/libarm.a(_umodsi3.o)
 .ARM.attributes
                0x00000420       0x10 lib_arm/libarm.a(armlinux.o)
 .ARM.attributes
                0x00000430       0x10 lib_arm/libarm.a(cache.o)
 .ARM.attributes
                0x00000440       0x10 fs/cramfs/libcramfs.a(cramfs.o)
 .ARM.attributes
                0x00000450       0x10 fs/cramfs/libcramfs.a(uncompress.o)
 .ARM.attributes
                0x00000460       0x10 fs/jffs2/libjffs2.a(jffs2_1pass.o)
 .ARM.attributes
                0x00000470       0x10 fs/jffs2/libjffs2.a(compr_rtime.o)
 .ARM.attributes
                0x00000480       0x10 fs/jffs2/libjffs2.a(compr_rubin.o)
 .ARM.attributes
                0x00000490       0x10 fs/jffs2/libjffs2.a(compr_zlib.o)
 .ARM.attributes
                0x000004a0       0x10 fs/jffs2/libjffs2.a(mini_inflate.o)
 .ARM.attributes
                0x000004b0       0x10 rtc/librtc.a(date.o)
 .ARM.attributes
                0x000004c0       0x10 rtc/librtc.a(s3c24x0_rtc.o)
 .ARM.attributes
                0x000004d0       0x10 drivers/nand/libnand.a(nand_util.o)
 .ARM.attributes
                0x000004e0       0x28 /usr/local/arm/4.3.2/bin/../lib/gcc/arm-none-linux-gnueabi/4.3.2/armv4t/libgcc.a(_udivdi3.o)
 .ARM.attributes
                0x00000508       0x18 /usr/local/arm/4.3.2/bin/../lib/gcc/arm-none-linux-gnueabi/4.3.2/armv4t/libgcc.a(_udivsi3.o)
 .ARM.attributes
                0x00000520       0x18 /usr/local/arm/4.3.2/bin/../lib/gcc/arm-none-linux-gnueabi/4.3.2/armv4t/libgcc.a(_dvmd_lnx.o)
 .ARM.attributes
                0x00000538       0x26 /usr/local/arm/4.3.2/bin/../lib/gcc/arm-none-linux-gnueabi/4.3.2/armv4t/libgcc.a(_clz.o)

.debug_line     0x00000000     0x855d
 .debug_line    0x00000000       0xa6 cpu/arm920t/start.o
 .debug_line    0x000000a6       0x49 board/100ask24x0/lib100ask24x0.a(lowlevel_init.o)
 .debug_line    0x000000ef       0xea cpu/arm920t/libarm920t.a(interrupts.o)
 .debug_line    0x000001d9      0x13e cpu/arm920t/s3c24x0/libs3c24x0.a(interrupts.o)
 .debug_line    0x00000317      0x185 cpu/arm920t/s3c24x0/libs3c24x0.a(speed.o)