Archive member included because of file (symbol)

/usr/local/arm/4.3.2/bin/../lib/gcc/arm-none-linux-gnueabi/4.3.2/armv4t/libgcc.a(_udivsi3.o)
                              arch/arm/cpu/arm920t/s3c24x0/libs3c24x0.o (__aeabi_uidiv)
/usr/local/arm/4.3.2/bin/../lib/gcc/arm-none-linux-gnueabi/4.3.2/armv4t/libgcc.a(_divsi3.o)
                              common/libcommon.o (__aeabi_idiv)
/usr/local/arm/4.3.2/bin/../lib/gcc/arm-none-linux-gnueabi/4.3.2/armv4t/libgcc.a(_lshrdi3.o)
                              drivers/mtd/nand/libnand.o (__aeabi_llsr)
/usr/local/arm/4.3.2/bin/../lib/gcc/arm-none-linux-gnueabi/4.3.2/armv4t/libgcc.a(_ashrdi3.o)
                              drivers/mtd/nand/libnand.o (__aeabi_lasr)
/usr/local/arm/4.3.2/bin/../lib/gcc/arm-none-linux-gnueabi/4.3.2/armv4t/libgcc.a(_ashldi3.o)
                              drivers/mtd/nand/libnand.o (__aeabi_llsl)
/usr/local/arm/4.3.2/bin/../lib/gcc/arm-none-linux-gnueabi/4.3.2/armv4t/libgcc.a(_dvmd_lnx.o)
                              /usr/local/arm/4.3.2/bin/../lib/gcc/arm-none-linux-gnueabi/4.3.2/armv4t/libgcc.a(_udivsi3.o) (__aeabi_idiv0)

Memory Configuration

Name             Origin             Length             Attributes
*default*        0x00000000         0xffffffff

Linker script and memory map

                0x00000000                . = 0x0
                0x00000000                . = ALIGN (0x4)

.text           0x31000000    0x2a164
                0x31000000                __image_copy_start = .
 arch/arm/cpu/arm920t/start.o(.text)
 .text          0x31000000      0x520 arch/arm/cpu/arm920t/start.o
                0x31000108                relocate_code
                0x31000050                IRQ_STACK_START_IN
                0x31000000                _start
                0x31000044                _bss_start_ofs
                0x31000048                _bss_end_ofs
                0x3100004c                _end_ofs
                0x31000040                _TEXT_BASE
 *(.text)
 .text          0x31000520      0x1cc arch/arm/cpu/arm920t/libarm920t.o
                0x31000520                cleanup_before_linux
                0x310005d0                NF_Read
                0x3100068c                lowlevel_init
                0x31000678                NF_CopyCode2SDRAM
                0x31000588                NF_InitDev
 .text          0x310006ec      0x420 arch/arm/cpu/arm920t/s3c24x0/libs3c24x0.o
                0x31000a08                __udelay
                0x31000830                get_HCLK
                0x310008cc                get_PCLK
                0x31000a54                get_tbclk
                0x310009f4                get_timer
                0x31000a84                timer_init
                0x310009cc                get_timer_masked
                0x31000960                udelay_masked
                0x31000a5c                reset_cpu
                0x31000828                get_FCLK
                0x310008f8                get_ticks
                0x31000820                get_UCLK
                0x310006ec                print_cpuinfo
 .text          0x31000b0c      0x950 arch/arm/lib/libarm.o
                0x31000ff8                arch_lmb_reserve
                0x31000b28                blue_led_on
                0x31000b18                green_led_on
                0x310012d0                enable_caches
                0x310013f8                dcache_enable
                0x31000ba0                hang
                0x31000b2c                __blue_led_off
                0x31000b4c                arch_cpu_init
                0x31000b30                __dram_init_banksize
                0x310011b8                do_fiq
                0x310012c0                flush_cache
                0x3100101c                interrupt_init
                0x31000b10                __red_led_on
                0x3100126c                do_undefined_instruction
                0x31001044                show_regs
                0x31001194                do_irq
                0x310012ec                arm_init_before_mmu
                0x31000bb0                board_init_r
                0x31000b14                __red_led_off
                0x31000b2c                blue_led_off
                0x310013dc                icache_enable
                0x31000b0c                coloured_LED_init
                0x31000b30                dram_init_banksize
                0x31001290                do_reset
                0x310012c4                __flush_dcache_all
                0x31000b24                __yellow_led_off
                0x31001184                bad_mode
                0x310012c4                flush_dcache_all
                0x31000b20                yellow_led_on
                0x31000b4c                __arch_cpu_init
                0x31000b28                __blue_led_on
                0x31000b18                __green_led_on
                0x310012ec                __arm_init_before_mmu
                0x31000b24                yellow_led_off
                0x31000f9c                do_bootm_linux
                0x31000b0c                __coloured_LED_init
                0x31001224                do_prefetch_abort
                0x31001454                icache_disable
                0x31000b1c                green_led_off
                0x31000cb0                board_init_f
                0x3100103c                disable_interrupts
                0x310011dc                do_not_used
                0x31000b1c                __green_led_off
                0x31001200                do_data_abort
                0x31001400                dcache_status
                0x31000b20                __yellow_led_on
                0x31001248                do_software_interrupt
                0x310012d0                __enable_caches
                0x31001038                enable_interrupts
                0x310012c0                __flush_cache
                0x310013e4                icache_status
                0x31000b10                red_led_on
                0x3100144c                dcache_disable
                0x31000b14                red_led_off
 .text          0x3100145c     0xf784 common/libcommon.o
                0x3100c6ec                flash_write
                0x31010098                stdio_clone
                0x31010328                xyzModem_error
                0x31009fc0                do_imgextract
                0x3100aa88                console_init_r
                0x31004c3c                do_mem_base
                0x3100186c                do_bootd
                0x3100a3a8                find_cmd_tbl
                0x310015c0                do_go
                0x31009880                do_env_edit
                0x310027f8                do_coninfo
                0x3100cac4                new_pipe
                0x3100ee80                __show_boot_progress
                0x3100a974                printf
                0x31005ad0                mtd_id_parse
                0x3100ef10                run_command
                0x31003f48                k_data_init
                0x31004028                s1_sendpacket
                0x3100eb10                getenv_bootm_size
                0x3100a870                console_assign
                0x31005060                do_mem_mw
                0x3100c938                mapset
                0x31004054                handle_send_packet
                0x310028dc                do_echo
                0x3100c108                env_relocate_spec
                0x3100ef18                do_run
                0x3100d554                get_local_var
                0x31002d38                do_bootelf
                0x3100e848                image_print_contents
                0x310090c0                getenv
                0x3100beb0                env_import
                0x3100e6ec                genimg_get_comp_id
                0x31003b18                do_flinfo
                0x310098e8                setenv_addr
                0x3100e734                genimg_get_os_id
                0x310015a4                do_go_exec
                0x31004b94                do_mem_crc
                0x310053a4                do_mem_nm
                0x31002a64                do_bootvx
                0x3100ac04                getc
                0x3100ee84                parse_line
                0x3100261c                bootm_maybe_autostart
                0x3100e594                get_table_entry_name
                0x3100c4c8                flash_protect
                0x3100a848                search_device
                0x3100e620                genimg_has_config
                0x3100fb24                readline
                0x31006880                mtdparts_init
                0x3100a904                puts
                0x3100a82c                dbg
                0x310053c4                do_mem_mm
                0x3100b0b0                malloc
                0x31007740                do_nandboot
                0x310103c4                xyzModem_stream_close
                0x3100e71c                genimg_get_arch_id
                0x3100a34c                cmd_usage
                0x31008fd8                getenv_f
                0x3100ab6c                serial_printf
                0x3100e468                parse_string_outer
                0x31010418                CYGACC_COMM_IF_GETC_TIMEOUT
                0x310026f4                do_dcache
                0x31009094                do_env_save
                0x3100ee80                show_boot_progress
                0x31003f88                k_data_restore
                0x31006e5c                do_mtdparts
                0x3100bdac                env_get_char
                0x31010200                parse_num
                0x31002770                invalidate_icache_all
                0x31005120                do_mem_cp
                0x3100e5d4                genimg_get_arch_name
                0x3100c14c                saveenv
                0x3100b7ec                pvalloc
                0x3100eb68                getenv_bootm_mapsize
                0x3100fb80                main_loop
                0x3100d4e4                update_ifs_map
                0x3100fca0                get_ram_size
                0x3100ec34                boot_get_ramdisk
                0x3101008c                stdio_get_list
                0x3100a778                ftstc
                0x31004218                send_nack
                0x3100ebe0                image_check_hcrc
                0x31004438                do_load_serial_bin
                0x3100bd70                env_get_char_spec
                0x31005bdc                find_dev_and_part
                0x31004c80                do_mem_mtest
                0x3100d334                set_local_var
                0x31010494                xyzModem_stream_terminate
                0x3100fb44                init_cmd_timeout
                0x310101ac                stdio_get_by_name
                0x3100e424                parse_file_outer
                0x31003c68                binary_test
                0x310073f8                do_chpart
                0x31010120                stdio_init
                0x3100b810                calloc
                0x3100ac78                malloc_usable_size
                0x31004f1c                do_mem_cmp
                0x3100e5bc                genimg_get_os_name
                0x3100a8b0                fprintf
                0x3100abe0                tstc
                0x3100e5ec                genimg_get_type_name
                0x31001658                arch_preboot_os
                0x31009940                do_reginfo
                0x3100f1e4                readline_into_buffer
                0x3100a92c                vprintf
                0x3100e770                genimg_get_format
                0x310037d8                flash_sect_erase
                0x3100bd7c                env_get_addr
                0x31002e8c                do_exit
                0x3100e604                genimg_get_comp_name
                0x3100a448                find_cmd
                0x31003438                do_protect
                0x3100238c                do_bootm
                0x31003e28                do_itest
                0x31002958                valid_elf_image
                0x31009968                source
                0x31003fa8                k_data_char
                0x31002cf8                do_bootelf_exec
                0x3100eb98                image_check_dcrc
                0x31009130                getenv_ulong
                0x31008910                do_ping
                0x3100bddc                set_default_env
                0x31009294                _do_env_set
                0x3100cdf4                unset_local_var
                0x310054b4                do_sleep
                0x3100ad20                mem_malloc_init
                0x310038b8                do_flerase
                0x31003130                flash_sect_protect
                0x310095d8                setenv
                0x3100ac28                ctrlc
                0x3100b8f0                realloc
                0x3100a2d4                cmd_get_data_size
                0x31002ebc                flash_sect_roundb
                0x3100be80                env_relocate
                0x3100e818                genimg_print_size
                0x3100ada4                malloc_trim
                0x3100e64c                getenv_bootm_low
                0x310095b8                do_env_set
                0x3100e61c                genimg_get_image
                0x3100e56c                image_multi_count
                0x3100e704                genimg_get_type_id
                0x3100ad50                sbrk
                0x31010a7c                xyzModem_stream_open
                0x3100c96c                do_showvar
                0x31001470                do_bdinfo
                0x31004e28                do_mem_loop
                0x31003edc                chk1
                0x3100e9d8                memmove_wd
                0x31008c80                get_env_id
                0x31009aec                do_test
                0x3100acbc                mallopt
                0x3100a528                _do_help
                0x3100bf94                env_init
                0x3100e6a0                get_table_entry_id
                0x3100abb8                putc
                0x3100a7f0                disable_ctrlc
                0x3100bfb0                writeenv
                0x3100a750                fgetc
                0x3100b6dc                memalign
                0x31003f68                k_data_save
                0x31008c68                do_tftpb
                0x31009adc                do_false
                0x310053e4                do_mem_md
                0x3100a470                cmd_process
                0x3100b0ac                cfree
                0x3100a808                had_ctrlc
                0x31003b94                do_help
                0x3100213c                do_bootm_subcommand
                0x3100cfb8                reserved_word
                0x3100b804                valloc
                0x31009920                setenv_ulong
                0x31009a98                do_source
                0x3100277c                do_icache
                0x3100a7a0                fputc
                0x3100c2ac                jumptable_init
                0x31010410                CYGACC_COMM_IF_PUTC
                0x31003ebc                ktrans
                0x3100f064                reset_cmd_timeout
                0x3100c5c4                addr2info
                0x3100a838                console_init_f
                0x31005584                device_find
                0x31003ff8                send_pad
                0x3100a818                clear_ctrlc
                0x3100e9e4                boot_ramdisk_high
                0x3100c60c                flash_perror
                0x3100fe1c                srec_decode
                0x31008c74                do_bootp
                0x3100ca54                u_boot_hush_start
                0x3100c2a4                get_version
                0x31006550                mtd_device_validate
                0x31009208                do_env_print
                0x3100c060                readenv
                0x3100bd9c                env_get_char_memory
                0x31008c5c                do_nfs
                0x31009f68                do_version
                0x3100a9d0                stdio_print_current_devices
                0x3100e794                image_multi_getimg
                0x31008f78                envmatch
                0x31007d24                do_nand
                0x31004278                send_ack
                0x31001658                __arch_preboot_os
                0x3100a7c8                fputs
                0x3100e628                getenv_yesno
                0x31004ab8                do_load_serial
                0x31001800                do_iminfo
                0x310100e0                stdio_register
                0x310107f0                xyzModem_stream_read
                0x3100ae70                free
                0x31009ae4                do_true
 .text          0x31010be0        0x8 disk/libdisk.o
                0x31010be0                get_dev
 .text          0x31010be8      0x584 drivers/input/libinput.o
                0x31010f24                input_send_keycodes
                0x31010c30                input_tstc
                0x31010d08                input_add_table
                0x31010be8                input_queue_ascii
                0x31010d5c                input_stdio_register
                0x31010c78                input_getc
                0x31010dac                input_init
 .text          0x3101116c     0x1f1c drivers/mtd/libmtd.o
                0x31011340                cfi_flash_bank_size
                0x31011a60                flash_protect_default
                0x31011320                cfi_flash_bank_addr
                0x31011a94                flash_get_size
                0x31012f14                jedec_flash_match
                0x31011208                del_mtd_device
                0x310112bc                get_mtd_device_nm
                0x31012aec                flash_erase
                0x3101116c                get_mtd_device
                0x31012100                flash_init
                0x31012ce8                flash_print_info
                0x31011a28                flash_cmd_reset
                0x310111dc                put_mtd_device
                0x31011258                add_mtd_device
                0x31011a28                __flash_cmd_reset
                0x31011368                flash_get_info
                0x31011450                flash_write_cmd
                0x31011374                flash_sector_size
                0x31012850                write_buff
 .text          0x31013088     0x697c drivers/mtd/nand/libnand.o
                0x310150f0                nand_write_skip_bad
                0x310159f0                nand_read_byte
                0x3101310c                nand_init
                0x31014f18                nand_read_skip_bad
                0x31018ce4                nand_wait_ready
                0x31016e8c                nand_scan_ident
                0x31017c34                nand_scan
                0x31015404                nand_erase_opts
                0x31018800                nand_erase_nand
                0x310132bc                nand_isbad_bbt
                0x31013088                nand_register
                0x31014d20                nand_default_bbt
                0x31017674                nand_scan_tail
                0x31015ad4                nand_write_buf16
                0x31019990                board_nand_init
                0x31015844                nand_correct_data
                0x31016e4c                nand_release
                0x31015b0c                nand_read_buf16
                0x31015a5c                nand_read_buf
                0x31015a28                nand_write_buf
                0x31013d58                nand_update_bbt
                0x3101574c                nand_calculate_ecc
                0x31014858                nand_scan_bbt
 .text          0x31019a04      0x82c drivers/net/libnet.o
                0x31019bc4                dm9000_initialize
 .text          0x3101a230        0x0 drivers/pcmcia/libpcmcia.o
 .text          0x3101a230        0x0 drivers/rtc/librtc.o
 .text          0x3101a230      0x130 drivers/serial/libserial.o
                0x3101a2e4                _serial_setbrg
                0x3101a358                serial_setbrg
                0x3101a290                _serial_tstc
                0x3101a2a4                serial_tstc
                0x3101a25c                serial_putc
                0x3101a2ac                _serial_puts
                0x3101a310                serial_init
                0x3101a2dc                serial_puts
                0x3101a230                _serial_getc
                0x3101a254                serial_getc
                0x3101a264                _serial_putc
 .text          0x3101a360     0x715c lib/libgeneric.o
                0x310204e8                mdelay
                0x3101fd80                strcpy
                0x31020360                memscan
                0x31020d80                vsprintf
                0x3101e834                __div64_32
                0x3101ff54                strim
                0x3102062c                ustrtoul
                0x310202bc                memmove
                0x3101ea30                gunzip
                0x31020604                simple_strtol
                0x3101df48                BZ2_hbMakeCodeLengths
                0x3101eb00                gzalloc
                0x3101ef10                hsearch_r
                0x3101fc5c                qsort
                0x3101ff10                skip_spaces
                0x31020238                memcpy
                0x3101a360                BZ2_bzDecompressInit
                0x3101a504                BZ2_bzDecompress
                0x31020144                strswab
                0x3101f4cc                hmatch_r
                0x3101b20c                BZ2_bzBuffToBuffDecompress
                0x3101fbe4                string_to_ip
                0x3101b304                BZ2_decompress
                0x3101a460                BZ2_bzDecompressEnd
                0x3101fba8                __arch_lmb_reserve
                0x3101eb98                hcreate_r
                0x3101f9cc                lmb_overlaps_region
                0x31020454                strmhz
                0x3101dde8                BZ2_hbCreateDecodeTables
                0x3101ffe4                strnlen
                0x3101eb10                hdestroy_r
                0x3101ffac                strrchr
                0x3101f56c                hstrstr_r
                0x3101f8c0                lmb_add
                0x3101e6c4                print_buffer
                0x31020888                simple_itoa
                0x3101fdc4                strcat
                0x3101a4e8                BZ2_bzlibVersion
                0x3101f66c                lmb_dump_all
                0x3101f27c                himport_r
                0x3101ec40                hexport_r
                0x310203f4                memchr
                0x3101e4f8                crc32
                0x3101e928                zunzip
                0x31020390                strstr
                0x3101f1f4                hdelete_r
                0x3101fe94                strncmp
                0x3101e6a4                display_options
                0x3101fd9c                strncpy
                0x310204bc                udelay
                0x3101f8c4                lmb_free
                0x310208dc                panic
                0x3102020c                bcopy
                0x31021440                strict_strtoul
                0x31020090                strtok
                0x31020320                memcmp
                0x3101fdf8                strncat
                0x3101e54c                print_size
                0x3101e3b8                cyg_crc16
                0x3101a4f4                bz_internal_error
                0x31020424                strdup
                0x3101fbac                lmb_alloc_base
                0x31020190                memset
                0x3101fbdc                lmb_alloc
                0x31020924                __assert_fail
                0x3101e510                crc7
                0x3101fe5c                strcmp
                0x31021418                sprintf
                0x3101fa34                __lmb_alloc_base
                0x31020110                strsep
                0x3101f61c                ldiv
                0x3101fba4                board_lmb_reserve
                0x3101fba4                __board_lmb_reserve
                0x3101dd94                BZ2_hbAssignCodes
                0x3101f6d0                lmb_init
                0x31020550                simple_strtoul
                0x3101e50c                crc32_wd
                0x3101fb44                lmb_is_reserved
                0x3102000c                strspn
                0x3101ff34                strlen
                0x3101fee4                strchr
                0x3101fd74                strcmp_compar
                0x3101eaf8                gzfree
                0x3101e400                crc32_no_comp
                0x31020050                strpbrk
                0x3101f9c4                lmb_reserve
                0x310206a0                simple_strtoull
                0x3101a428                BZ2_indexIntoF
 .text          0x310214bc     0x1da8 lib/lzma/liblzma.o
                0x31022b2c                LzmaDec_Allocate
                0x31022be0                LzmaDec_DecodeToDic
                0x31022908                LzmaDec_InitDicAndState
                0x310229a0                LzmaDec_Free
                0x31023170                lzmaBuffToBuffDecompress
                0x3102293c                LzmaDec_Init
                0x31022adc                LzmaDec_AllocateProbs
                0x31022950                LzmaDec_FreeProbs
                0x31023054                LzmaDec_DecodeToBuf
                0x310229c0                LzmaProps_Decode
                0x31022f80                LzmaDecode
 .text          0x31023264      0x848 lib/lzo/liblzo.o
                0x310232f8                lzo1x_decompress_safe
                0x31023988                lzop_decompress
 .text          0x31023aac     0x27f8 lib/zlib/libz.o
                0x31024b14                inflate
                0x31023aac                inflate_fast
                0x31024750                inflateInit_
                0x310247c8                adler32
                0x31024b04                zcfree
                0x310245cc                inflateReset
                0x31024b0c                zcalloc
                0x31024760                inflateEnd
                0x31024648                inflateInit2_
                0x31024038                inflate_table
 .text          0x310262a4     0x3a18 net/libnet.o
                0x310275bc                net_set_arp_handler
                0x31027624                NetCksumOk
                0x31027804                NetSetTimeout
                0x31027648                copy_filename
                0x310276fc                NetEthHdrSize
                0x31027064                eth_get_dev_by_name
                0x31026500                arp_raw_request
                0x31027798                ip_to_string
                0x31026630                ArpTimeoutCheck
                0x31026cf4                eth_halt
                0x31027ae8                NetReceive
                0x31028c10                NfsStart
                0x3102758c                net_set_udp_handler
                0x31026c84                cpu_eth_init
                0x31026fbc                eth_register
                0x31027d64                NetSendUDPPacket
                0x31027144                eth_getenv_enetaddr
                0x31027270                eth_write_hwaddr
                0x31027a18                NetSetEther
                0x31026c8c                eth_get_dev
                0x31026328                ArpReceive
                0x310262b8                ArpInit
                0x310270e8                eth_parse_enetaddr
                0x310280ec                NetLoop
                0x31026e98                eth_try_another
                0x310265b0                ArpRequest
                0x31027164                eth_getenv_enetaddr_by_index
                0x310277e8                random_port
                0x3102757c                net_get_udp_handler
                0x31028080                net_init
                0x31027394                eth_initialize
                0x31027740                VLAN_to_string
                0x310276ec                getenv_VLAN
                0x31026e00                eth_set_current
                0x310275dc                NetCksum
                0x310276a0                string_to_VLAN
                0x3102938c                ping_start
                0x3102798c                net_update_ether
                0x31026f14                eth_unregister
                0x31026d5c                eth_rx
                0x31027f70                net_auto_load
                0x31026cd8                eth_get_dev_index
                0x31027e68                NetStartAgain
                0x31027864                net_set_ip_header
                0x310292ac                ping_receive
                0x310271b4                eth_init
                0x310278e4                net_set_udp_header
                0x3102702c                eth_setenv_enetaddr
                0x31026d88                eth_get_name
                0x3102674c                BootpRequest
                0x31026c9c                eth_get_dev_by_index
                0x31026d28                eth_send
                0x31029684                TftpStart
                0x310275ac                net_get_arp_handler
 .text          0x31029cbc      0x1c0 board/samsung/TQ2440/libTQ2440.o
                0x31029dd4                dram_init
                0x31029e04                display_p15_c1c2c3
                0x31029dfc                board_eth_init
                0x31029cbc                board_early_init_f
                0x31029e3c                board_init
                0x31029de4                board_flash_get_legacy
 .text          0x31029e7c       0x24 /home/guqinglei/Wring_code/TQ2440/Part_4/chapter_2/uboot_tq2440/arch/arm/lib/eabi_compat.o
                0x31029e7c                __aeabi_unwind_cpp_pr0
                0x31029e80                __aeabi_unwind_cpp_pr1
                0x31029e84                raise
 .text          0x31029ea0      0x114 /usr/local/arm/4.3.2/bin/../lib/gcc/arm-none-linux-gnueabi/4.3.2/armv4t/libgcc.a(_udivsi3.o)
                0x31029ea0                __udivsi3
                0x31029ea0                __aeabi_uidiv
                0x31029f94                __aeabi_uidivmod
 .text          0x31029fb4      0x148 /usr/local/arm/4.3.2/bin/../lib/gcc/arm-none-linux-gnueabi/4.3.2/armv4t/libgcc.a(_divsi3.o)
                0x31029fb4                __aeabi_idiv
                0x31029fb4                __divsi3
                0x3102a0dc                __aeabi_idivmod
 .text          0x3102a0fc       0x1c /usr/local/arm/4.3.2/bin/../lib/gcc/arm-none-linux-gnueabi/4.3.2/armv4t/libgcc.a(_lshrdi3.o)
                0x3102a0fc                __aeabi_llsr
                0x3102a0fc                __lshrdi3
 .text          0x3102a118       0x1c /usr/local/arm/4.3.2/bin/../lib/gcc/arm-none-linux-gnueabi/4.3.2/armv4t/libgcc.a(_ashrdi3.o)
                0x3102a118                __ashrdi3
                0x3102a118                __aeabi_lasr
 .text          0x3102a134       0x1c /usr/local/arm/4.3.2/bin/../lib/gcc/arm-none-linux-gnueabi/4.3.2/armv4t/libgcc.a(_ashldi3.o)
                0x3102a134                __ashldi3
                0x3102a134                __aeabi_llsl
 .text          0x3102a150       0x14 /usr/local/arm/4.3.2/bin/../lib/gcc/arm-none-linux-gnueabi/4.3.2/armv4t/libgcc.a(_dvmd_lnx.o)
                0x3102a150                __aeabi_ldiv0
                0x3102a150                __aeabi_idiv0

.glue_7         0x3102a164        0x0
 .glue_7        0x3102a164        0x0 arch/arm/cpu/arm920t/start.o
 .glue_7        0x3102a164        0x0 arch/arm/cpu/arm920t/libarm920t.o
 .glue_7        0x3102a164        0x0 arch/arm/cpu/arm920t/s3c24x0/libs3c24x0.o
 .glue_7        0x3102a164        0x0 arch/arm/lib/libarm.o
 .glue_7        0x3102a164        0x0 common/libcommon.o
 .glue_7        0x3102a164        0x0 disk/libdisk.o
 .glue_7        0x3102a164        0x0 drivers/input/libinput.o
 .glue_7        0x3102a164        0x0 drivers/mtd/libmtd.o
 .glue_7        0x3102a164        0x0 drivers/mtd/nand/libnand.o
 .glue_7        0x3102a164        0x0 drivers/net/libnet.o
 .glue_7        0x3102a164        0x0 drivers/pcmcia/libpcmcia.o
 .glue_7        0x3102a164        0x0 drivers/rtc/librtc.o
 .glue_7        0x3102a164        0x0 drivers/serial/libserial.o
 .glue_7        0x3102a164        0x0 lib/libgeneric.o
 .glue_7        0x3102a164        0x0 lib/lzma/liblzma.o
 .glue_7        0x3102a164        0x0 lib/lzo/liblzo.o
 .glue_7        0x3102a164        0x0 lib/zlib/libz.o
 .glue_7        0x3102a164        0x0 net/libnet.o
 .glue_7        0x3102a164        0x0 board/samsung/TQ2440/libTQ2440.o
 .glue_7        0x3102a164        0x0 /home/guqinglei/Wring_code/TQ2440/Part_4/chapter_2/uboot_tq2440/arch/arm/lib/eabi_compat.o
 .glue_7        0x3102a164        0x0 /usr/local/arm/4.3.2/bin/../lib/gcc/arm-none-linux-gnueabi/4.3.2/armv4t/libgcc.a(_udivsi3.o)
 .glue_7        0x3102a164        0x0 /usr/local/arm/4.3.2/bin/../lib/gcc/arm-none-linux-gnueabi/4.3.2/armv4t/libgcc.a(_divsi3.o)
 .glue_7        0x3102a164        0x0 /usr/local/arm/4.3.2/bin/../lib/gcc/arm-none-linux-gnueabi/4.3.2/armv4t/libgcc.a(_lshrdi3.o)
 .glue_7        0x3102a164        0x0 /usr/local/arm/4.3.2/bin/../lib/gcc/arm-none-linux-gnueabi/4.3.2/armv4t/libgcc.a(_ashrdi3.o)
 .glue_7        0x3102a164        0x0 /usr/local/arm/4.3.2/bin/../lib/gcc/arm-none-linux-gnueabi/4.3.2/armv4t/libgcc.a(_ashldi3.o)
 .glue_7        0x3102a164        0x0 /usr/local/arm/4.3.2/bin/../lib/gcc/arm-none-linux-gnueabi/4.3.2/armv4t/libgcc.a(_dvmd_lnx.o)

.glue_7t        0x3102a164        0x0
 .glue_7t       0x3102a164        0x0 arch/arm/cpu/arm920t/start.o
 .glue_7t       0x3102a164        0x0 arch/arm/cpu/arm920t/libarm920t.o
 .glue_7t       0x3102a164        0x0 arch/arm/cpu/arm920t/s3c24x0/libs3c24x0.o
 .glue_7t       0x3102a164        0x0 arch/arm/lib/libarm.o
 .glue_7t       0x3102a164        0x0 common/libcommon.o
 .glue_7t       0x3102a164        0x0 disk/libdisk.o
 .glue_7t       0x3102a164        0x0 drivers/input/libinput.o
 .glue_7t       0x3102a164        0x0 drivers/mtd/libmtd.o
 .glue_7t       0x3102a164        0x0 drivers/mtd/nand/libnand.o
 .glue_7t       0x3102a164        0x0 drivers/net/libnet.o
 .glue_7t       0x3102a164        0x0 drivers/pcmcia/libpcmcia.o
 .glue_7t       0x3102a164        0x0 drivers/rtc/librtc.o
 .glue_7t       0x3102a164        0x0 drivers/serial/libserial.o
 .glue_7t       0x3102a164        0x0 lib/libgeneric.o
 .glue_7t       0x3102a164        0x0 lib/lzma/liblzma.o
 .glue_7t       0x3102a164        0x0 lib/lzo/liblzo.o
 .glue_7t       0x3102a164        0x0 lib/zlib/libz.o
 .glue_7t       0x3102a164        0x0 net/libnet.o
 .glue_7t       0x3102a164        0x0 board/samsung/TQ2440/libTQ2440.o
 .glue_7t       0x3102a164        0x0 /home/guqinglei/Wring_code/TQ2440/Part_4/chapter_2/uboot_tq2440/arch/arm/lib/eabi_compat.o
 .glue_7t       0x3102a164        0x0 /usr/local/arm/4.3.2/bin/../lib/gcc/arm-none-linux-gnueabi/4.3.2/armv4t/libgcc.a(_udivsi3.o)
 .glue_7t       0x3102a164        0x0 /usr/local/arm/4.3.2/bin/../lib/gcc/arm-none-linux-gnueabi/4.3.2/armv4t/libgcc.a(_divsi3.o)
 .glue_7t       0x3102a164        0x0 /usr/local/arm/4.3.2/bin/../lib/gcc/arm-none-linux-gnueabi/4.3.2/armv4t/libgcc.a(_lshrdi3.o)
 .glue_7t       0x3102a164        0x0 /usr/local/arm/4.3.2/bin/../lib/gcc/arm-none-linux-gnueabi/4.3.2/armv4t/libgcc.a(_ashrdi3.o)
 .glue_7t       0x3102a164        0x0 /usr/local/arm/4.3.2/bin/../lib/gcc/arm-none-linux-gnueabi/4.3.2/armv4t/libgcc.a(_ashldi3.o)
 .glue_7t       0x3102a164        0x0 /usr/local/arm/4.3.2/bin/../lib/gcc/arm-none-linux-gnueabi/4.3.2/armv4t/libgcc.a(_dvmd_lnx.o)

.vfp11_veneer   0x3102a164        0x0
 .vfp11_veneer  0x3102a164        0x0 arch/arm/cpu/arm920t/start.o
 .vfp11_veneer  0x3102a164        0x0 arch/arm/cpu/arm920t/libarm920t.o
 .vfp11_veneer  0x3102a164        0x0 arch/arm/cpu/arm920t/s3c24x0/libs3c24x0.o
 .vfp11_veneer  0x3102a164        0x0 arch/arm/lib/libarm.o
 .vfp11_veneer  0x3102a164        0x0 common/libcommon.o
 .vfp11_veneer  0x3102a164        0x0 disk/libdisk.o
 .vfp11_veneer  0x3102a164        0x0 drivers/input/libinput.o
 .vfp11_veneer  0x3102a164        0x0 drivers/mtd/libmtd.o
 .vfp11_veneer  0x3102a164        0x0 drivers/mtd/nand/libnand.o
 .vfp11_veneer  0x3102a164        0x0 drivers/net/libnet.o
 .vfp11_veneer  0x3102a164        0x0 drivers/pcmcia/libpcmcia.o
 .vfp11_veneer  0x3102a164        0x0 drivers/rtc/librtc.o
 .vfp11_veneer  0x3102a164        0x0 drivers/serial/libserial.o
 .vfp11_veneer  0x3102a164        0x0 lib/libgeneric.o
 .vfp11_veneer  0x3102a164        0x0 lib/lzma/liblzma.o
 .vfp11_veneer  0x3102a164        0x0 lib/lzo/liblzo.o
 .vfp11_veneer  0x3102a164        0x0 lib/zlib/libz.o
 .vfp11_veneer  0x3102a164        0x0 net/libnet.o
 .vfp11_veneer  0x3102a164        0x0 board/samsung/TQ2440/libTQ2440.o
 .vfp11_veneer  0x3102a164        0x0 /home/guqinglei/Wring_code/TQ2440/Part_4/chapter_2/uboot_tq2440/arch/arm/lib/eabi_compat.o
 .vfp11_veneer  0x3102a164        0x0 /usr/local/arm/4.3.2/bin/../lib/gcc/arm-none-linux-gnueabi/4.3.2/armv4t/libgcc.a(_udivsi3.o)
 .vfp11_veneer  0x3102a164        0x0 /usr/local/arm/4.3.2/bin/../lib/gcc/arm-none-linux-gnueabi/4.3.2/armv4t/libgcc.a(_divsi3.o)
 .vfp11_veneer  0x3102a164        0x0 /usr/local/arm/4.3.2/bin/../lib/gcc/arm-none-linux-gnueabi/4.3.2/armv4t/libgcc.a(_lshrdi3.o)
 .vfp11_veneer  0x3102a164        0x0 /usr/local/arm/4.3.2/bin/../lib/gcc/arm-none-linux-gnueabi/4.3.2/armv4t/libgcc.a(_ashrdi3.o)
 .vfp11_veneer  0x3102a164        0x0 /usr/local/arm/4.3.2/bin/../lib/gcc/arm-none-linux-gnueabi/4.3.2/armv4t/libgcc.a(_ashldi3.o)
 .vfp11_veneer  0x3102a164        0x0 /usr/local/arm/4.3.2/bin/../lib/gcc/arm-none-linux-gnueabi/4.3.2/armv4t/libgcc.a(_dvmd_lnx.o)

.janus_2cc_veneer
                0x3102a164        0x0
 .janus_2cc_veneer
                0x3102a164        0x0 arch/arm/cpu/arm920t/start.o
 .janus_2cc_veneer
                0x3102a164        0x0 arch/arm/cpu/arm920t/libarm920t.o
 .janus_2cc_veneer
                0x3102a164        0x0 arch/arm/cpu/arm920t/s3c24x0/libs3c24x0.o
 .janus_2cc_veneer
                0x3102a164        0x0 arch/arm/lib/libarm.o
 .janus_2cc_veneer
                0x3102a164        0x0 common/libcommon.o
 .janus_2cc_veneer
                0x3102a164        0x0 disk/libdisk.o
 .janus_2cc_veneer
                0x3102a164        0x0 drivers/input/libinput.o
 .janus_2cc_veneer
                0x3102a164        0x0 drivers/mtd/libmtd.o
 .janus_2cc_veneer
                0x3102a164        0x0 drivers/mtd/nand/libnand.o
 .janus_2cc_veneer
                0x3102a164        0x0 drivers/net/libnet.o
 .janus_2cc_veneer
                0x3102a164        0x0 drivers/pcmcia/libpcmcia.o
 .janus_2cc_veneer
                0x3102a164        0x0 drivers/rtc/librtc.o
 .janus_2cc_veneer
                0x3102a164        0x0 drivers/serial/libserial.o
 .janus_2cc_veneer
                0x3102a164        0x0 lib/libgeneric.o
 .janus_2cc_veneer
                0x3102a164        0x0 lib/lzma/liblzma.o
 .janus_2cc_veneer
                0x3102a164        0x0 lib/lzo/liblzo.o
 .janus_2cc_veneer
                0x3102a164        0x0 lib/zlib/libz.o
 .janus_2cc_veneer
                0x3102a164        0x0 net/libnet.o
 .janus_2cc_veneer
                0x3102a164        0x0 board/samsung/TQ2440/libTQ2440.o
 .janus_2cc_veneer
                0x3102a164        0x0 /home/guqinglei/Wring_code/TQ2440/Part_4/chapter_2/uboot_tq2440/arch/arm/lib/eabi_compat.o
 .janus_2cc_veneer
                0x3102a164        0x0 /usr/local/arm/4.3.2/bin/../lib/gcc/arm-none-linux-gnueabi/4.3.2/armv4t/libgcc.a(_udivsi3.o)
 .janus_2cc_veneer
                0x3102a164        0x0 /usr/local/arm/4.3.2/bin/../lib/gcc/arm-none-linux-gnueabi/4.3.2/armv4t/libgcc.a(_divsi3.o)
 .janus_2cc_veneer
                0x3102a164        0x0 /usr/local/arm/4.3.2/bin/../lib/gcc/arm-none-linux-gnueabi/4.3.2/armv4t/libgcc.a(_lshrdi3.o)
 .janus_2cc_veneer
                0x3102a164        0x0 /usr/local/arm/4.3.2/bin/../lib/gcc/arm-none-linux-gnueabi/4.3.2/armv4t/libgcc.a(_ashrdi3.o)
 .janus_2cc_veneer
                0x3102a164        0x0 /usr/local/arm/4.3.2/bin/../lib/gcc/arm-none-linux-gnueabi/4.3.2/armv4t/libgcc.a(_ashldi3.o)
 .janus_2cc_veneer
                0x3102a164        0x0 /usr/local/arm/4.3.2/bin/../lib/gcc/arm-none-linux-gnueabi/4.3.2/armv4t/libgcc.a(_dvmd_lnx.o)

.v4_bx          0x3102a164        0x0
 .v4_bx         0x3102a164        0x0 arch/arm/cpu/arm920t/start.o
 .v4_bx         0x3102a164        0x0 arch/arm/cpu/arm920t/libarm920t.o
 .v4_bx         0x3102a164        0x0 arch/arm/cpu/arm920t/s3c24x0/libs3c24x0.o
 .v4_bx         0x3102a164        0x0 arch/arm/lib/libarm.o
 .v4_bx         0x3102a164        0x0 common/libcommon.o
 .v4_bx         0x3102a164        0x0 disk/libdisk.o
 .v4_bx         0x3102a164        0x0 drivers/input/libinput.o
 .v4_bx         0x3102a164        0x0 drivers/mtd/libmtd.o
 .v4_bx         0x3102a164        0x0 drivers/mtd/nand/libnand.o
 .v4_bx         0x3102a164        0x0 drivers/net/libnet.o
 .v4_bx         0x3102a164        0x0 drivers/pcmcia/libpcmcia.o
 .v4_bx         0x3102a164        0x0 drivers/rtc/librtc.o
 .v4_bx         0x3102a164        0x0 drivers/serial/libserial.o
 .v4_bx         0x3102a164        0x0 lib/libgeneric.o
 .v4_bx         0x3102a164        0x0 lib/lzma/liblzma.o
 .v4_bx         0x3102a164        0x0 lib/lzo/liblzo.o
 .v4_bx         0x3102a164        0x0 lib/zlib/libz.o
 .v4_bx         0x3102a164        0x0 net/libnet.o
 .v4_bx         0x3102a164        0x0 board/samsung/TQ2440/libTQ2440.o
 .v4_bx         0x3102a164        0x0 /home/guqinglei/Wring_code/TQ2440/Part_4/chapter_2/uboot_tq2440/arch/arm/lib/eabi_compat.o
 .v4_bx         0x3102a164        0x0 /usr/local/arm/4.3.2/bin/../lib/gcc/arm-none-linux-gnueabi/4.3.2/armv4t/libgcc.a(_udivsi3.o)
 .v4_bx         0x3102a164        0x0 /usr/local/arm/4.3.2/bin/../lib/gcc/arm-none-linux-gnueabi/4.3.2/armv4t/libgcc.a(_divsi3.o)
 .v4_bx         0x3102a164        0x0 /usr/local/arm/4.3.2/bin/../lib/gcc/arm-none-linux-gnueabi/4.3.2/armv4t/libgcc.a(_lshrdi3.o)
 .v4_bx         0x3102a164        0x0 /usr/local/arm/4.3.2/bin/../lib/gcc/arm-none-linux-gnueabi/4.3.2/armv4t/libgcc.a(_ashrdi3.o)
 .v4_bx         0x3102a164        0x0 /usr/local/arm/4.3.2/bin/../lib/gcc/arm-none-linux-gnueabi/4.3.2/armv4t/libgcc.a(_ashldi3.o)
 .v4_bx         0x3102a164        0x0 /usr/local/arm/4.3.2/bin/../lib/gcc/arm-none-linux-gnueabi/4.3.2/armv4t/libgcc.a(_dvmd_lnx.o)
                0x3102a164                . = ALIGN (0x4)

.rodata         0x3102a168     0x93a8
 *(SORT(.rodata*))
 .rodata        0x3102a168      0x8a0 drivers/mtd/nand/libnand.o
                0x3102a844                nand_manuf_ids
                0x3102a184                nand_flash_ids
 .rodata        0x3102aa08       0x84 arch/arm/lib/libarm.o
 .rodata        0x3102aa8c      0x4b5 common/libcommon.o
                0x3102ab88                version_string
                0x3102abb0                default_environment
 *fill*         0x3102af41        0x3 00
 .rodata        0x3102af44       0x78 drivers/mtd/libmtd.o
 .rodata        0x3102afbc      0x827 lib/libgeneric.o
                0x3102b6bc                _ctype
                0x3102b5bc                crc7_syndrome_table
                0x3102b7c2                hex_asc
 *fill*         0x3102b7e3        0x1 00
 .rodata        0x3102b7e4      0x9cc lib/zlib/libz.o
                0x3102c188                z_errmsg
 .rodata        0x3102c1b0       0x63 drivers/input/libinput.o
 .rodata        0x3102c213       0x18 lib/lzma/liblzma.o
 .rodata        0x3102c22b        0x9 lib/lzo/liblzo.o
 .rodata        0x3102c234       0x22 net/libnet.o
 .rodata.str1.1
                0x3102c256       0x1d arch/arm/cpu/arm920t/s3c24x0/libs3c24x0.o
 .rodata.str1.1
                0x3102c273      0x36b arch/arm/lib/libarm.o
                                0x388 (size before relaxing)
 .rodata.str1.1
                0x3102c5de     0x51d6 common/libcommon.o
                               0x55ca (size before relaxing)
 .rodata.str1.1
                0x00000000        0x6 drivers/input/libinput.o
 .rodata.str1.1
                0x310317b4      0x3ac drivers/mtd/libmtd.o
                                0x3fc (size before relaxing)
 .rodata.str1.1
                0x31031b60      0xd0d drivers/mtd/nand/libnand.o
                                0xd47 (size before relaxing)
 .rodata.str1.1
                0x3103286d      0x1de drivers/net/libnet.o
                                0x1e4 (size before relaxing)
 .rodata.str1.1
                0x31032a4b      0x1a9 lib/libgeneric.o
                                0x1bb (size before relaxing)
 .rodata.str1.1
                0x31032bf4      0x21c lib/zlib/libz.o
                                0x21d (size before relaxing)
 .rodata.str1.1
                0x31032e10      0x699 net/libnet.o
                                0x82c (size before relaxing)
 .rodata.str1.1
                0x310334a9       0x4c board/samsung/TQ2440/libTQ2440.o
 .rodata.str1.1
                0x310334f5       0x1b /home/guqinglei/Wring_code/TQ2440/Part_4/chapter_2/uboot_tq2440/arch/arm/lib/eabi_compat.o

.hash           0x31033510       0x48
 .hash          0x31033510       0x48 arch/arm/cpu/arm920t/start.o
                0x31033558                . = ALIGN (0x4)

.data           0x31033558     0x1d70
 *(.data)
 .data          0x31033558        0x0 arch/arm/cpu/arm920t/start.o
 .data          0x31033558        0x0 arch/arm/cpu/arm920t/libarm920t.o
 .data          0x31033558        0x0 arch/arm/cpu/arm920t/s3c24x0/libs3c24x0.o
 .data          0x31033558       0x2c arch/arm/lib/libarm.o
                0x31033558                init_sequence
 .data          0x31033584      0x668 common/libcommon.o
                0x31033b28                env_name_spec
                0x31033710                load_addr
                0x31033be0                stdio_names
 .data          0x31033bec        0x0 disk/libdisk.o
 .data          0x31033bec       0xc6 drivers/input/libinput.o
 .data          0x31033cb2        0x0 drivers/mtd/libmtd.o
 *fill*         0x31033cb2        0x2 00
 .data          0x31033cb4      0x9e8 drivers/mtd/nand/libnand.o
                0x31033cb4                nand_curr_device
 .data          0x3103469c        0x0 drivers/net/libnet.o
 .data          0x3103469c        0x0 drivers/pcmcia/libpcmcia.o
 .data          0x3103469c        0x0 drivers/rtc/librtc.o
 .data          0x3103469c        0x0 drivers/serial/libserial.o
 .data          0x3103469c      0xc00 lib/libgeneric.o
                0x31034a9c                BZ2_rNums
                0x3103469c                BZ2_crc32Table
 .data          0x3103529c        0x0 lib/lzma/liblzma.o
 .data          0x3103529c        0x0 lib/lzo/liblzo.o
 .data          0x3103529c        0x0 lib/zlib/libz.o
 .data          0x3103529c       0x2c net/libnet.o
                0x310352a0                NetBcastAddr
                0x3103529e                NetOurNativeVLAN
                0x310352c4                TftpRRQTimeoutMSecs
                0x3103529c                NetOurVLAN
                0x310352bc                TftpRRQTimeoutCountMax
 .data          0x310352c8        0x0 board/samsung/TQ2440/libTQ2440.o
 .data          0x310352c8        0x0 /home/guqinglei/Wring_code/TQ2440/Part_4/chapter_2/uboot_tq2440/arch/arm/lib/eabi_compat.o
 .data          0x310352c8        0x0 /usr/local/arm/4.3.2/bin/../lib/gcc/arm-none-linux-gnueabi/4.3.2/armv4t/libgcc.a(_udivsi3.o)
 .data          0x310352c8        0x0 /usr/local/arm/4.3.2/bin/../lib/gcc/arm-none-linux-gnueabi/4.3.2/armv4t/libgcc.a(_divsi3.o)
 .data          0x310352c8        0x0 /usr/local/arm/4.3.2/bin/../lib/gcc/arm-none-linux-gnueabi/4.3.2/armv4t/libgcc.a(_lshrdi3.o)
 .data          0x310352c8        0x0 /usr/local/arm/4.3.2/bin/../lib/gcc/arm-none-linux-gnueabi/4.3.2/armv4t/libgcc.a(_ashrdi3.o)
 .data          0x310352c8        0x0 /usr/local/arm/4.3.2/bin/../lib/gcc/arm-none-linux-gnueabi/4.3.2/armv4t/libgcc.a(_ashldi3.o)
 .data          0x310352c8        0x0 /usr/local/arm/4.3.2/bin/../lib/gcc/arm-none-linux-gnueabi/4.3.2/armv4t/libgcc.a(_dvmd_lnx.o)

.got            0x310352c8        0x0
 .got           0x00000000        0x0 arch/arm/cpu/arm920t/start.o

.got.plt        0x310352c8        0xc
 .got.plt       0x310352c8        0xc arch/arm/cpu/arm920t/start.o
                0x310352c8                _GLOBAL_OFFSET_TABLE_
                0x310352d4                . = ALIGN (0x4)
                0x310352d4                . = .
                0x310352d4                __u_boot_cmd_start = .

.u_boot_cmd     0x310352d4      0x558
 *(.u_boot_cmd)
 .u_boot_cmd    0x310352d4      0x558 common/libcommon.o
                0x310352d4                __u_boot_cmd_bdinfo
                0x3103531c                __u_boot_cmd_bootm
                0x31035514                __u_boot_cmd_md
                0x310354fc                __u_boot_cmd_loady
                0x3103558c                __u_boot_cmd_cmp
                0x3103564c                __u_boot_cmd_nand
                0x310353ac                __u_boot_cmd_dcache
                0x31035364                __u_boot_cmd_iminfo
                0x31035424                __u_boot_cmd_exit
                0x3103534c                __u_boot_cmd_bootd
                0x3103555c                __u_boot_cmd_mw
                0x310355d4                __u_boot_cmd_loop
                0x310353dc                __u_boot_cmd_echo
                0x3103543c                __u_boot_cmd_flinfo
                0x3103561c                __u_boot_cmd_chpart
                0x310355bc                __u_boot_cmd_base
                0x31035334                __u_boot_cmd_boot
                0x3103549c                __u_boot_cmd_question_mark
                0x310356ac                __u_boot_cmd_nfs
                0x31035634                __u_boot_cmd_mtdparts
                0x310356c4                __u_boot_cmd_ping
                0x3103537c                __u_boot_cmd_imls
                0x310354b4                __u_boot_cmd_itest
                0x31035784                __u_boot_cmd_source
                0x3103570c                __u_boot_cmd_editenv
                0x310354e4                __u_boot_cmd_loadb
                0x31035694                __u_boot_cmd_tftpboot
                0x31035754                __u_boot_cmd_run
                0x310356f4                __u_boot_cmd_env
                0x31035604                __u_boot_cmd_sleep
                0x3103552c                __u_boot_cmd_mm
                0x310357e4                __u_boot_cmd_version
                0x310356dc                __u_boot_cmd_saveenv
                0x310353c4                __u_boot_cmd_coninfo
                0x310354cc                __u_boot_cmd_loads
                0x31035394                __u_boot_cmd_icache
                0x310355a4                __u_boot_cmd_crc32
                0x3103567c                __u_boot_cmd_bootp
                0x310357b4                __u_boot_cmd_false
                0x310357fc                __u_boot_cmd_imxtract
                0x31035664                __u_boot_cmd_nboot
                0x31035814                __u_boot_cmd_showvar
                0x31035454                __u_boot_cmd_erase
                0x31035544                __u_boot_cmd_nm
                0x31035724                __u_boot_cmd_printenv
                0x3103576c                __u_boot_cmd_reginfo
                0x31035304                __u_boot_cmd_reset
                0x3103546c                __u_boot_cmd_protect
                0x310355ec                __u_boot_cmd_mtest
                0x3103540c                __u_boot_cmd_bootvx
                0x310357cc                __u_boot_cmd_true
                0x310352ec                __u_boot_cmd_go
                0x31035574                __u_boot_cmd_cp
                0x31035484                __u_boot_cmd_help
                0x3103579c                __u_boot_cmd_test
                0x3103573c                __u_boot_cmd_setenv
                0x310353f4                __u_boot_cmd_bootelf
                0x3103582c                __u_boot_cmd_end = .
                0x3103582c                . = ALIGN (0x4)
                0x3103582c                __image_copy_end = .

.rel.dyn        0x3103582c     0x51d8
                0x3103582c                __rel_dyn_start = .
 *(.rel*)
 .rel.got       0x00000000        0x0 arch/arm/cpu/arm920t/start.o
 .rel.plt       0x00000000        0x0 arch/arm/cpu/arm920t/start.o
 .rel.text      0x3103582c     0x3860 arch/arm/cpu/arm920t/start.o
 .rel.rodata    0x3103908c      0x7b0 arch/arm/cpu/arm920t/start.o
 .rel.data      0x3103983c      0xab8 arch/arm/cpu/arm920t/start.o
 .rel.u_boot_cmd
                0x3103a2f4      0x710 arch/arm/cpu/arm920t/start.o
                0x3103aa04                __rel_dyn_end = .

.dynsym         0x3103aa04       0xd0
                0x3103aa04                __dynsym_start = .
 *(.dynsym)
 .dynsym        0x3103aa04       0xd0 arch/arm/cpu/arm920t/start.o
                0x3103aad4                _end = .
                0x3103b000                . = ALIGN (0x1000)

.mmutable
 *(.mmutable)

.bss            0x3103582c     0x5510
                0x3103582c                __bss_start = .
 *(.bss)
 .bss           0x3103582c        0x0 arch/arm/cpu/arm920t/start.o
 .bss           0x3103582c        0x0 arch/arm/cpu/arm920t/libarm920t.o
 .bss           0x3103582c        0x0 arch/arm/cpu/arm920t/s3c24x0/libs3c24x0.o
 .bss           0x3103582c        0x8 arch/arm/lib/libarm.o
                0x3103582c                monitor_flash_len
 *fill*         0x31035834        0x4 00
 .bss           0x31035838     0x2104 common/libcommon.o
                0x310373b4                console_buffer
                0x31037364                hist_list
                0x31035ce4                env_htab
                0x31035f50                hist_lines
                0x31035c90                save_addr
                0x31035cac                mem_malloc_end
                0x310359e0                current_mtd_dev
                0x31035990                his_pad_char
                0x31035cf0                env_ptr
                0x31035974                os_data_init
                0x31035f30                nesting_level
                0x31035838                images
                0x31035994                send_ptr
                0x31035f4c                hist_num
                0x31035ca8                mem_malloc_start
                0x31035f2c                last_return_code
                0x310359e4                current_mtd_partnum
                0x31035984                os_data_char
                0x31035bf8                mtdids
                0x310374f4                stdio_devices
                0x31035c94                save_size
                0x31035cb0                mem_malloc_brk
                0x31035991                his_eol
                0x310359d8                devices
                0x31035988                his_quote
                0x31035998                send_parms
                0x3103598c                his_pad_count
 .bss           0x3103793c        0x0 disk/libdisk.o
 .bss           0x3103793c        0x0 drivers/input/libinput.o
 .bss           0x3103793c      0x174 drivers/mtd/libmtd.o
                0x310379bc                flash_info
                0x3103793c                mtd_table
 .bss           0x31037ab0      0x1e0 drivers/mtd/nand/libnand.o
                0x31037ab0                nand_info
 .bss           0x31037c90       0xe8 drivers/net/libnet.o
 .bss           0x31037d78        0x0 drivers/pcmcia/libpcmcia.o
 .bss           0x31037d78        0x0 drivers/rtc/librtc.o
 .bss           0x31037d78        0x0 drivers/serial/libserial.o
 .bss           0x31037d78       0x1e lib/libgeneric.o
                0x31037d78                errno
                0x31037d7c                ___strtok
 .bss           0x31037d96        0x0 lib/lzma/liblzma.o
 .bss           0x31037d96        0x0 lib/lzo/liblzo.o
 .bss           0x31037d96        0x0 lib/zlib/libz.o
 *fill*         0x31037d96        0x2 00
 .bss           0x31037d98     0x2fa4 net/libnet.o
                0x31037dac                NetArpPacketBuf
                0x310383f0                NetArpWaitTry
                0x31037d98                NetArpWaitPacketMAC
                0x31038434                NetOurEther
                0x31038430                NetOurIP
                0x3103ac80                NetPingIP
                0x3103846c                NetServerIP
                0x31037da4                NetArpWaitTxPacketSize
                0x31037da0                NetArpWaitReplyIP
                0x3103a2b0                NetRxPackets
                0x3103a2c4                NetOurNISDomain
                0x31037d9c                NetArpWaitPacketIP
                0x310383f4                BootpTry
                0x3103a350                BootFile
                0x3103a34a                NetServerEther
                0x31038468                NetOurSubnetMask
                0x3103a348                NetBootFileSize
                0x3103842c                NetIPID
                0x3103843c                NetRxPacket
                0x31038414                net_state
                0x3103a2e4                NetOurHostName
                0x310383f8                BootpID
                0x31038464                NetOurGatewayIP
                0x31038448                NetEtherNullAddr
                0x31038458                NetRestartWrap
                0x31037da8                NetArpTxPacket
                0x31038444                NetTxPacket
                0x3103a2c0                NetBootFileXferSize
                0x3103a344                NetOurDNSIP
                0x31038440                NetRxPacketLen
                0x31038470                PktBuf
                0x3103a304                NetOurRootPath
                0x310383ec                NetArpWaitTimerStart
 .bss           0x3103ad3c        0x0 board/samsung/TQ2440/libTQ2440.o
 .bss           0x3103ad3c        0x0 /home/guqinglei/Wring_code/TQ2440/Part_4/chapter_2/uboot_tq2440/arch/arm/lib/eabi_compat.o
 .bss           0x3103ad3c        0x0 /usr/local/arm/4.3.2/bin/../lib/gcc/arm-none-linux-gnueabi/4.3.2/armv4t/libgcc.a(_udivsi3.o)
 .bss           0x3103ad3c        0x0 /usr/local/arm/4.3.2/bin/../lib/gcc/arm-none-linux-gnueabi/4.3.2/armv4t/libgcc.a(_divsi3.o)
 .bss           0x3103ad3c        0x0 /usr/local/arm/4.3.2/bin/../lib/gcc/arm-none-linux-gnueabi/4.3.2/armv4t/libgcc.a(_lshrdi3.o)
 .bss           0x3103ad3c        0x0 /usr/local/arm/4.3.2/bin/../lib/gcc/arm-none-linux-gnueabi/4.3.2/armv4t/libgcc.a(_ashrdi3.o)
 .bss           0x3103ad3c        0x0 /usr/local/arm/4.3.2/bin/../lib/gcc/arm-none-linux-gnueabi/4.3.2/armv4t/libgcc.a(_ashldi3.o)
 .bss           0x3103ad3c        0x0 /usr/local/arm/4.3.2/bin/../lib/gcc/arm-none-linux-gnueabi/4.3.2/armv4t/libgcc.a(_dvmd_lnx.o)
                0x3103ad3c                . = ALIGN (0x4)
                0x3103ad3c                __bss_end__ = .

.dynbss         0x3103ad3c        0x0
 .dynbss        0x00000000        0x0 arch/arm/cpu/arm920t/start.o

/DISCARD/
 *(.dynstr*)
 *(.dynamic*)
 *(.plt*)
 *(.interp*)
 *(.gnu*)
Address of section .text set to 0x31000000
LOAD arch/arm/cpu/arm920t/start.o
START GROUP
LOAD api/libapi.o
LOAD arch/arm/cpu/arm920t/libarm920t.o
LOAD arch/arm/cpu/arm920t/s3c24x0/libs3c24x0.o
LOAD arch/arm/lib/libarm.o
LOAD common/libcommon.o
LOAD disk/libdisk.o
LOAD drivers/bios_emulator/libatibiosemu.o
LOAD drivers/block/libblock.o
LOAD drivers/dma/libdma.o
LOAD drivers/fpga/libfpga.o
LOAD drivers/gpio/libgpio.o
LOAD drivers/hwmon/libhwmon.o
LOAD drivers/i2c/libi2c.o
LOAD drivers/input/libinput.o
LOAD drivers/misc/libmisc.o
LOAD drivers/mmc/libmmc.o
LOAD drivers/mtd/libmtd.o
LOAD drivers/mtd/nand/libnand.o
LOAD drivers/mtd/onenand/libonenand.o
LOAD drivers/mtd/spi/libspi_flash.o
LOAD drivers/mtd/ubi/libubi.o
LOAD drivers/net/libnet.o
LOAD drivers/net/phy/libphy.o
LOAD drivers/pci/libpci.o
LOAD drivers/pcmcia/libpcmcia.o
LOAD drivers/power/libpower.o
LOAD drivers/rtc/librtc.o
LOAD drivers/serial/libserial.o
LOAD drivers/spi/libspi.o
LOAD drivers/twserial/libtws.o
LOAD drivers/usb/eth/libusb_eth.o
LOAD drivers/usb/gadget/libusb_gadget.o
LOAD drivers/usb/host/libusb_host.o
LOAD drivers/usb/musb/libusb_musb.o
LOAD drivers/usb/phy/libusb_phy.o
LOAD drivers/usb/ulpi/libusb_ulpi.o
LOAD drivers/video/libvideo.o
LOAD drivers/watchdog/libwatchdog.o
LOAD fs/cramfs/libcramfs.o
LOAD fs/ext2/libext2fs.o
LOAD fs/fat/libfat.o
LOAD fs/fdos/libfdos.o
LOAD fs/jffs2/libjffs2.o
LOAD fs/reiserfs/libreiserfs.o
LOAD fs/ubifs/libubifs.o
LOAD fs/yaffs2/libyaffs2.o
LOAD lib/libfdt/libfdt.o
LOAD lib/libgeneric.o
LOAD lib/lzma/liblzma.o
LOAD lib/lzo/liblzo.o
LOAD lib/zlib/libz.o
LOAD net/libnet.o
LOAD post/libpost.o
LOAD board/samsung/TQ2440/libTQ2440.o
END GROUP
LOAD /home/guqinglei/Wring_code/TQ2440/Part_4/chapter_2/uboot_tq2440/arch/arm/lib/eabi_compat.o
LOAD /usr/local/arm/4.3.2/bin/../lib/gcc/arm-none-linux-gnueabi/4.3.2/armv4t/libgcc.a
OUTPUT(u-boot elf32-littlearm)

.ARM.attributes
                0x00000000       0x26
 .ARM.attributes
                0x00000000       0x17 arch/arm/cpu/arm920t/start.o
 .ARM.attributes
                0x00000017       0x27 arch/arm/cpu/arm920t/libarm920t.o
 .ARM.attributes
                0x0000003e       0x27 arch/arm/cpu/arm920t/s3c24x0/libs3c24x0.o
 .ARM.attributes
                0x00000065       0x27 arch/arm/lib/libarm.o
 .ARM.attributes
                0x0000008c       0x27 common/libcommon.o
 .ARM.attributes
                0x000000b3       0x27 disk/libdisk.o
 .ARM.attributes
                0x000000da       0x27 drivers/input/libinput.o
 .ARM.attributes
                0x00000101       0x27 drivers/mtd/libmtd.o
 .ARM.attributes
                0x00000128       0x27 drivers/mtd/nand/libnand.o
 .ARM.attributes
                0x0000014f       0x27 drivers/net/libnet.o
 .ARM.attributes
                0x00000176       0x25 drivers/pcmcia/libpcmcia.o
 .ARM.attributes
                0x0000019b       0x25 drivers/rtc/librtc.o
 .ARM.attributes
                0x000001c0       0x27 drivers/serial/libserial.o
 .ARM.attributes
                0x000001e7       0x27 lib/libgeneric.o
 .ARM.attributes
                0x0000020e       0x27 lib/lzma/liblzma.o
 .ARM.attributes
                0x00000235       0x27 lib/lzo/liblzo.o
 .ARM.attributes
                0x0000025c       0x27 lib/zlib/libz.o
 .ARM.attributes
                0x00000283       0x27 net/libnet.o
 .ARM.attributes
                0x000002aa       0x27 board/samsung/TQ2440/libTQ2440.o
 .ARM.attributes
                0x000002d1       0x27 /home/guqinglei/Wring_code/TQ2440/Part_4/chapter_2/uboot_tq2440/arch/arm/lib/eabi_compat.o
 .ARM.attributes
                0x000002f8       0x18 /usr/local/arm/4.3.2/bin/../lib/gcc/arm-none-linux-gnueabi/4.3.2/armv4t/libgcc.a(_udivsi3.o)
 .ARM.attributes
                0x00000310       0x18 /usr/local/arm/4.3.2/bin/../lib/gcc/arm-none-linux-gnueabi/4.3.2/armv4t/libgcc.a(_divsi3.o)
 .ARM.attributes
                0x00000328       0x18 /usr/local/arm/4.3.2/bin/../lib/gcc/arm-none-linux-gnueabi/4.3.2/armv4t/libgcc.a(_lshrdi3.o)
 .ARM.attributes
                0x00000340       0x18 /usr/local/arm/4.3.2/bin/../lib/gcc/arm-none-linux-gnueabi/4.3.2/armv4t/libgcc.a(_ashrdi3.o)
 .ARM.attributes
                0x00000358       0x18 /usr/local/arm/4.3.2/bin/../lib/gcc/arm-none-linux-gnueabi/4.3.2/armv4t/libgcc.a(_ashldi3.o)
 .ARM.attributes
                0x00000370       0x18 /usr/local/arm/4.3.2/bin/../lib/gcc/arm-none-linux-gnueabi/4.3.2/armv4t/libgcc.a(_dvmd_lnx.o)

.debug_line     0x00000000     0xdda8
 .debug_line    0x00000000       0xe5 arch/arm/cpu/arm920t/start.o
 .debug_line    0x000000e5      0x1c1 arch/arm/cpu/arm920t/libarm920t.o
 .debug_line    0x000002a6      0x678 arch/arm/cpu/arm920t/s3c24x0/libs3c24x0.o
 .debug_line    0x0000091e      0x99b arch/arm/lib/libarm.o
 .debug_line    0x000012b9     0x538d common/libcommon.o
 .debug_line    0x00006646       0xf5 disk/libdisk.o
 .debug_line    0x0000673b      0x207 drivers/input/libinput.o
 .debug_line    0x00006942      0x9f3 drivers/mtd/libmtd.o
 .debug_line    0x00007335     0x1bc0 drivers/mtd/nand/libnand.o
 .debug_line    0x00008ef5      0x258 drivers/net/libnet.o
 .debug_line    0x0000914d       0xdc drivers/pcmcia/libpcmcia.o
 .debug_line    0x00009229       0x6e drivers/rtc/librtc.o
 .debug_line    0x00009297      0x235 drivers/serial/libserial.o
 .debug_line    0x000094cc     0x1fce lib/libgeneric.o
 .debug_line    0x0000b49a      0x699 lib/lzma/liblzma.o
 .debug_line    0x0000bb33      0x344 lib/lzo/liblzo.o
 .debug_line    0x0000be77      0x72a lib/zlib/libz.o
 .debug_line    0x0000c5a1     0x154d net/libnet.o
 .debug_line    0x0000daee      0x224 board/samsung/TQ2440/libTQ2440.o
 .debug_line    0x0000dd12       0x96 /home/guqinglei/Wring_code/TQ2440/Part_4/chapter_2/uboot_tq2440/arch/arm/lib/eabi_compat.o

.debug_info     0x00000000    0x35f1f
 .debug_info    0x00000000       0x86 arch/arm/cpu/arm920t/start.o
 .debug_info    0x00000086      0x41d arch/arm/cpu/arm920t/libarm920t.o
 .debug_info    0x000004a3      0xfa9 arch/arm/cpu/arm920t/s3c24x0/libs3c24x0.o
 .debug_info    0x0000144c     0x2648 arch/arm/lib/libarm.o
 .debug_info    0x00003a94    0x1537c common/libcommon.o
 .debug_info    0x00018e10      0x29f disk/libdisk.o
 .debug_info    0x000190af      0x9a0 drivers/input/libinput.o
 .debug_info    0x00019a4f     0x29a6 drivers/mtd/libmtd.o
 .debug_info    0x0001c3f5     0xa613 drivers/mtd/nand/libnand.o
 .debug_info    0x00026a08      0xbee drivers/net/libnet.o
 .debug_info    0x000275f6      0x154 drivers/pcmcia/libpcmcia.o
 .debug_info    0x0002774a       0xaa drivers/rtc/librtc.o
 .debug_info    0x000277f4      0x7b2 drivers/serial/libserial.o
 .debug_info    0x00027fa6     0x5958 lib/libgeneric.o
 .debug_info    0x0002d8fe     0x1525 lib/lzma/liblzma.o
 .debug_info    0x0002ee23      0x581 lib/lzo/liblzo.o
 .debug_info    0x0002f3a4     0x1025 lib/zlib/libz.o
 .debug_info    0x000303c9     0x4e92 net/libnet.o
 .debug_info    0x0003525b      0xbc7 board/samsung/TQ2440/libTQ2440.o
 .debug_info    0x00035e22       0xfd /home/guqinglei/Wring_code/TQ2440/Part_4/chapter_2/uboot_tq2440/arch/arm/lib/eabi_compat.o

.debug_abbrev   0x00000000     0xc775
 .debug_abbrev  0x00000000       0x14 arch/arm/cpu/arm920t/start.o
 .debug_abbrev  0x00000014      0x254 arch/arm/cpu/arm920t/libarm920t.o
 .debug_abbrev  0x00000268      0x542 arch/arm/cpu/arm920t/s3c24x0/libs3c24x0.o
 .debug_abbrev  0x000007aa      0xa55 arch/arm/lib/libarm.o
 .debug_abbrev  0x000011ff     0x519b common/libcommon.o
 .debug_abbrev  0x0000639a      0x106 disk/libdisk.o
 .debug_abbrev  0x000064a0      0x30c drivers/input/libinput.o
 .debug_abbrev  0x000067ac      0x765 drivers/mtd/libmtd.o
 .debug_abbrev  0x00006f11     0x129c drivers/mtd/nand/libnand.o
 .debug_abbrev  0x000081ad      0x2f8 drivers/net/libnet.o
 .debug_abbrev  0x000084a5       0xb8 drivers/pcmcia/libpcmcia.o
 .debug_abbrev  0x0000855d       0x5c drivers/rtc/librtc.o
 .debug_abbrev  0x000085b9      0x310 drivers/serial/libserial.o
 .debug_abbrev  0x000088c9     0x1c79 lib/libgeneric.o
 .debug_abbrev  0x0000a542      0x472 lib/lzma/liblzma.o
 .debug_abbrev  0x0000a9b4      0x21a lib/lzo/liblzo.o
 .debug_abbrev  0x0000abce      0x322 lib/zlib/libz.o
 .debug_abbrev  0x0000aef0     0x15c7 net/libnet.o
 .debug_abbrev  0x0000c4b7      0x225 board/samsung/TQ2440/libTQ2440.o
 .debug_abbrev  0x0000c6dc       0x99 /home/guqinglei/Wring_code/TQ2440/Part_4/chapter_2/uboot_tq2440/arch/arm/lib/eabi_compat.o

.debug_aranges  0x00000000      0xbc0
 .debug_aranges
                0x00000000       0x20 arch/arm/cpu/arm920t/start.o
 .debug_aranges
                0x00000020       0x60 arch/arm/cpu/arm920t/libarm920t.o
 .debug_aranges
                0x00000080       0x60 arch/arm/cpu/arm920t/s3c24x0/libs3c24x0.o
 .debug_aranges
                0x000000e0       0xc0 arch/arm/lib/libarm.o
 .debug_aranges
                0x000001a0      0x4a0 common/libcommon.o
 .debug_aranges
                0x00000640       0x20 disk/libdisk.o
 .debug_aranges
                0x00000660       0x20 drivers/input/libinput.o
 .debug_aranges
                0x00000680       0x60 drivers/mtd/libmtd.o
 .debug_aranges
                0x000006e0       0xc0 drivers/mtd/nand/libnand.o
 .debug_aranges
                0x000007a0       0x20 drivers/net/libnet.o
 .debug_aranges
                0x000007c0       0x20 drivers/serial/libserial.o
 .debug_aranges
                0x000007e0      0x240 lib/libgeneric.o
 .debug_aranges
                0x00000a20       0x40 lib/lzma/liblzma.o
 .debug_aranges
                0x00000a60       0x20 lib/lzo/liblzo.o
 .debug_aranges
                0x00000a80       0x20 lib/zlib/libz.o
 .debug_aranges
                0x00000aa0       0xe0 net/libnet.o
 .debug_aranges
                0x00000b80       0x20 board/samsung/TQ2440/libTQ2440.o
 .debug_aranges
                0x00000ba0       0x20 /home/guqinglei/Wring_code/TQ2440/Part_4/chapter_2/uboot_tq2440/arch/arm/lib/eabi_compat.o

.comment        0x00000000     0x10e6
 .comment       0x00000000       0x54 arch/arm/cpu/arm920t/libarm920t.o
 .comment       0x00000054       0xd2 arch/arm/cpu/arm920t/s3c24x0/libs3c24x0.o
 .comment       0x00000126       0xfc arch/arm/lib/libarm.o
 .comment       0x00000222      0x63c common/libcommon.o
 .comment       0x0000085e       0x2a disk/libdisk.o
 .comment       0x00000888       0x2a drivers/input/libinput.o
 .comment       0x000008b2       0x7e drivers/mtd/libmtd.o
 .comment       0x00000930      0x126 drivers/mtd/nand/libnand.o
 .comment       0x00000a56       0x2a drivers/net/libnet.o
 .comment       0x00000a80       0x54 drivers/pcmcia/libpcmcia.o
 .comment       0x00000ad4       0x2a drivers/rtc/librtc.o
 .comment       0x00000afe       0x2a drivers/serial/libserial.o
 .comment       0x00000b28      0x39c lib/libgeneric.o
 .comment       0x00000ec4       0x54 lib/lzma/liblzma.o
 .comment       0x00000f18       0x2a lib/lzo/liblzo.o
 .comment       0x00000f42       0x2a lib/zlib/libz.o
 .comment       0x00000f6c      0x126 net/libnet.o
 .comment       0x00001092       0x2a board/samsung/TQ2440/libTQ2440.o
 .comment       0x000010bc       0x2a /home/guqinglei/Wring_code/TQ2440/Part_4/chapter_2/uboot_tq2440/arch/arm/lib/eabi_compat.o

.debug_pubnames
                0x00000000     0x3391
 .debug_pubnames
                0x00000000       0x6e arch/arm/cpu/arm920t/libarm920t.o
 .debug_pubnames
                0x0000006e       0xfe arch/arm/cpu/arm920t/s3c24x0/libs3c24x0.o
 .debug_pubnames
                0x0000016c      0x392 arch/arm/lib/libarm.o
 .debug_pubnames
                0x000004fe     0x17b3 common/libcommon.o
 .debug_pubnames
                0x00001cb1       0x1e disk/libdisk.o
 .debug_pubnames
                0x00001ccf       0x9a drivers/input/libinput.o
 .debug_pubnames
                0x00001d69      0x18e drivers/mtd/libmtd.o
 .debug_pubnames
                0x00001ef7      0x28f drivers/mtd/nand/libnand.o
 .debug_pubnames
                0x00002186       0x28 drivers/net/libnet.o
 .debug_pubnames
                0x000021ae       0xd2 drivers/serial/libserial.o
 .debug_pubnames
                0x00002280      0x70e lib/libgeneric.o
 .debug_pubnames
                0x0000298e      0x118 lib/lzma/liblzma.o
 .debug_pubnames
                0x00002aa6       0x40 lib/lzo/liblzo.o
 .debug_pubnames
                0x00002ae6       0xb4 lib/zlib/libz.o
 .debug_pubnames
                0x00002b9a      0x713 net/libnet.o
 .debug_pubnames
                0x000032ad       0x92 board/samsung/TQ2440/libTQ2440.o
 .debug_pubnames
                0x0000333f       0x52 /home/guqinglei/Wring_code/TQ2440/Part_4/chapter_2/uboot_tq2440/arch/arm/lib/eabi_compat.o

.debug_frame    0x00000000     0x5808
 .debug_frame   0x00000000       0xc4 arch/arm/cpu/arm920t/libarm920t.o
 .debug_frame   0x000000c4      0x160 arch/arm/cpu/arm920t/s3c24x0/libs3c24x0.o
 .debug_frame   0x00000224      0x420 arch/arm/lib/libarm.o
 .debug_frame   0x00000644     0x2324 common/libcommon.o
 .debug_frame   0x00002968       0x20 disk/libdisk.o
 .debug_frame   0x00002988      0x10c drivers/input/libinput.o
 .debug_frame   0x00002a94      0x3e0 drivers/mtd/libmtd.o
 .debug_frame   0x00002e74      0xb58 drivers/mtd/nand/libnand.o
 .debug_frame   0x000039cc      0x164 drivers/net/libnet.o
 .debug_frame   0x00003b30       0xdc drivers/serial/libserial.o
 .debug_frame   0x00003c0c      0xb84 lib/libgeneric.o
 .debug_frame   0x00004790      0x234 lib/lzma/liblzma.o
 .debug_frame   0x000049c4       0xbc lib/lzo/liblzo.o
 .debug_frame   0x00004a80      0x120 lib/zlib/libz.o
 .debug_frame   0x00004ba0      0xb60 net/libnet.o
 .debug_frame   0x00005700       0x80 board/samsung/TQ2440/libTQ2440.o
 .debug_frame   0x00005780       0x48 /home/guqinglei/Wring_code/TQ2440/Part_4/chapter_2/uboot_tq2440/arch/arm/lib/eabi_compat.o
 .debug_frame   0x000057c8       0x20 /usr/local/arm/4.3.2/bin/../lib/gcc/arm-none-linux-gnueabi/4.3.2/armv4t/libgcc.a(_udivsi3.o)
 .debug_frame   0x000057e8       0x20 /usr/local/arm/4.3.2/bin/../lib/gcc/arm-none-linux-gnueabi/4.3.2/armv4t/libgcc.a(_divsi3.o)

.debug_str      0x00000000     0x923f
 .debug_str     0x00000000      0x1f0 arch/arm/cpu/arm920t/libarm920t.o
                                0x36a (size before relaxing)
 .debug_str     0x000001f0      0x507 arch/arm/cpu/arm920t/s3c24x0/libs3c24x0.o
                                0xb84 (size before relaxing)
 .debug_str     0x000006f7     0x12fc arch/arm/lib/libarm.o
                               0x2b79 (size before relaxing)
 .debug_str     0x000019f3     0x32b7 common/libcommon.o
                               0xd38a (size before relaxing)
 .debug_str     0x00004caa       0xd0 disk/libdisk.o
                                0x1e4 (size before relaxing)
 .debug_str     0x00004d7a      0x2f3 drivers/input/libinput.o
                                0x48d (size before relaxing)
 .debug_str     0x0000506d      0x7b7 drivers/mtd/libmtd.o
                               0x1266 (size before relaxing)
 .debug_str     0x00005824      0xe5a drivers/mtd/nand/libnand.o
                               0x403c (size before relaxing)
 .debug_str     0x0000667e      0x2e8 drivers/net/libnet.o
                                0x4b7 (size before relaxing)
 .debug_str     0x00006966       0x6c drivers/pcmcia/libpcmcia.o
                                0x293 (size before relaxing)
 .debug_str     0x000069d2       0x53 drivers/rtc/librtc.o
                                0x13f (size before relaxing)
 .debug_str     0x00006a25      0x163 drivers/serial/libserial.o
                                0x3ea (size before relaxing)
 .debug_str     0x00006b88      0xc52 lib/libgeneric.o
                               0x2a8c (size before relaxing)
 .debug_str     0x000077da      0x52c lib/lzma/liblzma.o
                                0x921 (size before relaxing)
 .debug_str     0x00007d06      0x1bb lib/lzo/liblzo.o
                                0x343 (size before relaxing)
 .debug_str     0x00007ec1      0x2ce lib/zlib/libz.o
                                0x5e3 (size before relaxing)
 .debug_str     0x0000818f      0xf90 net/libnet.o
                               0x4482 (size before relaxing)
 .debug_str     0x0000911f       0xd7 board/samsung/TQ2440/libTQ2440.o
                                0x647 (size before relaxing)
 .debug_str     0x000091f6       0x49 /home/guqinglei/Wring_code/TQ2440/Part_4/chapter_2/uboot_tq2440/arch/arm/lib/eabi_compat.o
                                0x182 (size before relaxing)

.debug_loc      0x00000000    0x202c6
 .debug_loc     0x00000000       0xfb arch/arm/cpu/arm920t/libarm920t.o
 .debug_loc     0x000000fb      0x370 arch/arm/cpu/arm920t/s3c24x0/libs3c24x0.o
 .debug_loc     0x0000046b      0x5db arch/arm/lib/libarm.o
 .debug_loc     0x00000a46     0xcb23 common/libcommon.o
 .debug_loc     0x0000d569       0x13 disk/libdisk.o
 .debug_loc     0x0000d57c      0x595 drivers/input/libinput.o
 .debug_loc     0x0000db11     0x126b drivers/mtd/libmtd.o
 .debug_loc     0x0000ed7c     0x5813 drivers/mtd/nand/libnand.o
 .debug_loc     0x0001458f      0x3ce drivers/net/libnet.o
 .debug_loc     0x0001495d      0x188 drivers/serial/libserial.o
 .debug_loc     0x00014ae5     0x4f38 lib/libgeneric.o
 .debug_loc     0x00019a1d     0x20a3 lib/lzma/liblzma.o
 .debug_loc     0x0001bac0      0x988 lib/lzo/liblzo.o
 .debug_loc     0x0001c448     0x19a7 lib/zlib/libz.o
 .debug_loc     0x0001ddef     0x23fa net/libnet.o
 .debug_loc     0x000201e9       0xa0 board/samsung/TQ2440/libTQ2440.o
 .debug_loc     0x00020289       0x3d /home/guqinglei/Wring_code/TQ2440/Part_4/chapter_2/uboot_tq2440/arch/arm/lib/eabi_compat.o

.debug_ranges   0x00000000     0x2470
 .debug_ranges  0x00000000       0x30 arch/arm/cpu/arm920t/libarm920t.o
 .debug_ranges  0x00000030       0xa8 arch/arm/cpu/arm920t/s3c24x0/libs3c24x0.o
 .debug_ranges  0x000000d8       0xe0 arch/arm/lib/libarm.o
 .debug_ranges  0x000001b8      0xd40 common/libcommon.o
 .debug_ranges  0x00000ef8      0x148 drivers/input/libinput.o
 .debug_ranges  0x00001040      0x1d8 drivers/mtd/libmtd.o
 .debug_ranges  0x00001218      0x4e8 drivers/mtd/nand/libnand.o
 .debug_ranges  0x00001700       0x48 drivers/net/libnet.o
 .debug_ranges  0x00001748       0x30 drivers/serial/libserial.o
 .debug_ranges  0x00001778      0x6f8 lib/libgeneric.o
 .debug_ranges  0x00001e70      0x250 lib/lzma/liblzma.o
 .debug_ranges  0x000020c0       0x78 lib/lzo/liblzo.o
 .debug_ranges  0x00002138       0x38 lib/zlib/libz.o
 .debug_ranges  0x00002170      0x300 net/libnet.o

.note.GNU-stack
                0x00000000        0x0
 .note.GNU-stack
                0x00000000        0x0 arch/arm/cpu/arm920t/libarm920t.o
 .note.GNU-stack
                0x00000000        0x0 arch/arm/cpu/arm920t/s3c24x0/libs3c24x0.o
 .note.GNU-stack
                0x00000000        0x0 arch/arm/lib/libarm.o
 .note.GNU-stack
                0x00000000        0x0 common/libcommon.o
 .note.GNU-stack
                0x00000000        0x0 disk/libdisk.o
 .note.GNU-stack
                0x00000000        0x0 drivers/input/libinput.o
 .note.GNU-stack
                0x00000000        0x0 drivers/mtd/libmtd.o
 .note.GNU-stack
                0x00000000        0x0 drivers/mtd/nand/libnand.o
 .note.GNU-stack
                0x00000000        0x0 drivers/net/libnet.o
 .note.GNU-stack
                0x00000000        0x0 drivers/pcmcia/libpcmcia.o
 .note.GNU-stack
                0x00000000        0x0 drivers/rtc/librtc.o
 .note.GNU-stack
                0x00000000        0x0 drivers/serial/libserial.o
 .note.GNU-stack
                0x00000000        0x0 lib/libgeneric.o
 .note.GNU-stack
                0x00000000        0x0 lib/lzma/liblzma.o
 .note.GNU-stack
                0x00000000        0x0 lib/lzo/liblzo.o
 .note.GNU-stack
                0x00000000        0x0 lib/zlib/libz.o
 .note.GNU-stack
                0x00000000        0x0 net/libnet.o
 .note.GNU-stack
                0x00000000        0x0 board/samsung/TQ2440/libTQ2440.o
 .note.GNU-stack
                0x00000000        0x0 /home/guqinglei/Wring_code/TQ2440/Part_4/chapter_2/uboot_tq2440/arch/arm/lib/eabi_compat.o
 .note.GNU-stack
                0x00000000        0x0 /usr/local/arm/4.3.2/bin/../lib/gcc/arm-none-linux-gnueabi/4.3.2/armv4t/libgcc.a(_udivsi3.o)
 .note.GNU-stack
                0x00000000        0x0 /usr/local/arm/4.3.2/bin/../lib/gcc/arm-none-linux-gnueabi/4.3.2/armv4t/libgcc.a(_divsi3.o)
 .note.GNU-stack
                0x00000000        0x0 /usr/local/arm/4.3.2/bin/../lib/gcc/arm-none-linux-gnueabi/4.3.2/armv4t/libgcc.a(_lshrdi3.o)
 .note.GNU-stack
                0x00000000        0x0 /usr/local/arm/4.3.2/bin/../lib/gcc/arm-none-linux-gnueabi/4.3.2/armv4t/libgcc.a(_ashrdi3.o)
 .note.GNU-stack
                0x00000000        0x0 /usr/local/arm/4.3.2/bin/../lib/gcc/arm-none-linux-gnueabi/4.3.2/armv4t/libgcc.a(_ashldi3.o)
 .note.GNU-stack
                0x00000000        0x0 /usr/local/arm/4.3.2/bin/../lib/gcc/arm-none-linux-gnueabi/4.3.2/armv4t/libgcc.a(_dvmd_lnx.o)
